Archive member included to satisfy reference by file (symbol)

C:/ST/STM32CubeIDE_1.17.0/STM32CubeIDE/plugins/com.st.stm32cube.ide.mcu.externaltools.gnu-tools-for-stm32.13.3.rel1.win32_1.0.0.202411081344/tools/bin/../lib/gcc/arm-none-eabi/13.3.1/../../../../arm-none-eabi/lib/thumb/v7-m/nofp\libc_nano.a(libc_a-exit.o)
                              C:/ST/STM32CubeIDE_1.17.0/STM32CubeIDE/plugins/com.st.stm32cube.ide.mcu.externaltools.gnu-tools-for-stm32.13.3.rel1.win32_1.0.0.202411081344/tools/bin/../lib/gcc/arm-none-eabi/13.3.1/../../../../arm-none-eabi/lib/thumb/v7-m/nofp/crt0.o (exit)
C:/ST/STM32CubeIDE_1.17.0/STM32CubeIDE/plugins/com.st.stm32cube.ide.mcu.externaltools.gnu-tools-for-stm32.13.3.rel1.win32_1.0.0.202411081344/tools/bin/../lib/gcc/arm-none-eabi/13.3.1/../../../../arm-none-eabi/lib/thumb/v7-m/nofp\libc_nano.a(libc_a-findfp.o)
                              C:/ST/STM32CubeIDE_1.17.0/STM32CubeIDE/plugins/com.st.stm32cube.ide.mcu.externaltools.gnu-tools-for-stm32.13.3.rel1.win32_1.0.0.202411081344/tools/bin/../lib/gcc/arm-none-eabi/13.3.1/../../../../arm-none-eabi/lib/thumb/v7-m/nofp\libc_nano.a(libc_a-exit.o) (__stdio_exit_handler)
C:/ST/STM32CubeIDE_1.17.0/STM32CubeIDE/plugins/com.st.stm32cube.ide.mcu.externaltools.gnu-tools-for-stm32.13.3.rel1.win32_1.0.0.202411081344/tools/bin/../lib/gcc/arm-none-eabi/13.3.1/../../../../arm-none-eabi/lib/thumb/v7-m/nofp\libc_nano.a(libc_a-fwalk.o)
                              C:/ST/STM32CubeIDE_1.17.0/STM32CubeIDE/plugins/com.st.stm32cube.ide.mcu.externaltools.gnu-tools-for-stm32.13.3.rel1.win32_1.0.0.202411081344/tools/bin/../lib/gcc/arm-none-eabi/13.3.1/../../../../arm-none-eabi/lib/thumb/v7-m/nofp\libc_nano.a(libc_a-findfp.o) (_fwalk_sglue)
C:/ST/STM32CubeIDE_1.17.0/STM32CubeIDE/plugins/com.st.stm32cube.ide.mcu.externaltools.gnu-tools-for-stm32.13.3.rel1.win32_1.0.0.202411081344/tools/bin/../lib/gcc/arm-none-eabi/13.3.1/../../../../arm-none-eabi/lib/thumb/v7-m/nofp\libc_nano.a(libc_a-stdio.o)
                              C:/ST/STM32CubeIDE_1.17.0/STM32CubeIDE/plugins/com.st.stm32cube.ide.mcu.externaltools.gnu-tools-for-stm32.13.3.rel1.win32_1.0.0.202411081344/tools/bin/../lib/gcc/arm-none-eabi/13.3.1/../../../../arm-none-eabi/lib/thumb/v7-m/nofp\libc_nano.a(libc_a-findfp.o) (__sread)
C:/ST/STM32CubeIDE_1.17.0/STM32CubeIDE/plugins/com.st.stm32cube.ide.mcu.externaltools.gnu-tools-for-stm32.13.3.rel1.win32_1.0.0.202411081344/tools/bin/../lib/gcc/arm-none-eabi/13.3.1/../../../../arm-none-eabi/lib/thumb/v7-m/nofp\libc_nano.a(libc_a-memset.o)
                              C:/ST/STM32CubeIDE_1.17.0/STM32CubeIDE/plugins/com.st.stm32cube.ide.mcu.externaltools.gnu-tools-for-stm32.13.3.rel1.win32_1.0.0.202411081344/tools/bin/../lib/gcc/arm-none-eabi/13.3.1/../../../../arm-none-eabi/lib/thumb/v7-m/nofp/crt0.o (memset)
C:/ST/STM32CubeIDE_1.17.0/STM32CubeIDE/plugins/com.st.stm32cube.ide.mcu.externaltools.gnu-tools-for-stm32.13.3.rel1.win32_1.0.0.202411081344/tools/bin/../lib/gcc/arm-none-eabi/13.3.1/../../../../arm-none-eabi/lib/thumb/v7-m/nofp\libc_nano.a(libc_a-closer.o)
                              C:/ST/STM32CubeIDE_1.17.0/STM32CubeIDE/plugins/com.st.stm32cube.ide.mcu.externaltools.gnu-tools-for-stm32.13.3.rel1.win32_1.0.0.202411081344/tools/bin/../lib/gcc/arm-none-eabi/13.3.1/../../../../arm-none-eabi/lib/thumb/v7-m/nofp\libc_nano.a(libc_a-stdio.o) (_close_r)
C:/ST/STM32CubeIDE_1.17.0/STM32CubeIDE/plugins/com.st.stm32cube.ide.mcu.externaltools.gnu-tools-for-stm32.13.3.rel1.win32_1.0.0.202411081344/tools/bin/../lib/gcc/arm-none-eabi/13.3.1/../../../../arm-none-eabi/lib/thumb/v7-m/nofp\libc_nano.a(libc_a-reent.o)
                              C:/ST/STM32CubeIDE_1.17.0/STM32CubeIDE/plugins/com.st.stm32cube.ide.mcu.externaltools.gnu-tools-for-stm32.13.3.rel1.win32_1.0.0.202411081344/tools/bin/../lib/gcc/arm-none-eabi/13.3.1/../../../../arm-none-eabi/lib/thumb/v7-m/nofp\libc_nano.a(libc_a-closer.o) (errno)
C:/ST/STM32CubeIDE_1.17.0/STM32CubeIDE/plugins/com.st.stm32cube.ide.mcu.externaltools.gnu-tools-for-stm32.13.3.rel1.win32_1.0.0.202411081344/tools/bin/../lib/gcc/arm-none-eabi/13.3.1/../../../../arm-none-eabi/lib/thumb/v7-m/nofp\libc_nano.a(libc_a-impure.o)
                              C:/ST/STM32CubeIDE_1.17.0/STM32CubeIDE/plugins/com.st.stm32cube.ide.mcu.externaltools.gnu-tools-for-stm32.13.3.rel1.win32_1.0.0.202411081344/tools/bin/../lib/gcc/arm-none-eabi/13.3.1/../../../../arm-none-eabi/lib/thumb/v7-m/nofp\libc_nano.a(libc_a-reent.o) (_impure_ptr)
C:/ST/STM32CubeIDE_1.17.0/STM32CubeIDE/plugins/com.st.stm32cube.ide.mcu.externaltools.gnu-tools-for-stm32.13.3.rel1.win32_1.0.0.202411081344/tools/bin/../lib/gcc/arm-none-eabi/13.3.1/../../../../arm-none-eabi/lib/thumb/v7-m/nofp\libc_nano.a(libc_a-lseekr.o)
[...]
Memory Configuration

Name             Origin             Length             Attributes
RAM              0x20000000         0x00005000         xrw
FLASH            0x08000000         0x00010000         xr
*default*        0x00000000         0xffffffff

Linker script and memory map

LOAD C:/ST/STM32CubeIDE_1.17.0/STM32CubeIDE/plugins/com.st.stm32cube.ide.mcu.externaltools.gnu-tools-for-stm32.13.3.rel1.win32_1.0.0.202411081344/tools/bin/../lib/gcc/arm-none-eabi/13.3.1/thumb/v7-m/nofp/crti.o
LOAD C:/ST/STM32CubeIDE_1.17.0/STM32CubeIDE/plugins/com.st.stm32cube.ide.mcu.externaltools.gnu-tools-for-stm32.13.3.rel1.win32_1.0.0.202411081344/tools/bin/../lib/gcc/arm-none-eabi/13.3.1/thumb/v7-m/nofp/crtbegin.o
LOAD C:/ST/STM32CubeIDE_1.17.0/STM32CubeIDE/plugins/com.st.stm32cube.ide.mcu.externaltools.gnu-tools-for-stm32.13.3.rel1.win32_1.0.0.202411081344/tools/bin/../lib/gcc/arm-none-eabi/13.3.1/../../../../arm-none-eabi/lib/thumb/v7-m/nofp/crt0.o
LOAD ./Core/Src/command.o
LOAD ./Core/Src/main.o
LOAD ./Core/Src/stm32f1xx_hal_msp.o
LOAD ./Core/Src/stm32f1xx_it.o
LOAD ./Core/Src/syscalls.o
LOAD ./Core/Src/sysmem.o
LOAD ./Core/Src/system_stm32f1xx.o
LOAD ./Core/Startup/startup_stm32f103c8tx.o
LOAD ./Drivers/STM32F1xx_HAL_Driver/Src/stm32f1xx_hal.o
LOAD ./Drivers/STM32F1xx_HAL_Driver/Src/stm32f1xx_hal_cortex.o
LOAD ./Drivers/STM32F1xx_HAL_Driver/Src/stm32f1xx_hal_dma.o
LOAD ./Drivers/STM32F1xx_HAL_Driver/Src/stm32f1xx_hal_exti.o
LOAD ./Drivers/STM32F1xx_HAL_Driver/Src/stm32f1xx_hal_flash.o
LOAD ./Drivers/STM32F1xx_HAL_Driver/Src/stm32f1xx_hal_flash_ex.o
LOAD ./Drivers/STM32F1xx_HAL_Driver/Src/stm32f1xx_hal_gpio.o
LOAD ./Drivers/STM32F1xx_HAL_Driver/Src/stm32f1xx_hal_gpio_ex.o
LOAD ./Drivers/STM32F1xx_HAL_Driver/Src/stm32f1xx_hal_pcd.o
LOAD ./Drivers/STM32F1xx_HAL_Driver/Src/stm32f1xx_hal_pcd_ex.o
LOAD ./Drivers/STM32F1xx_HAL_Driver/Src/stm32f1xx_hal_pwr.o
LOAD ./Drivers/STM32F1xx_HAL_Driver/Src/stm32f1xx_hal_rcc.o
LOAD ./Drivers/STM32F1xx_HAL_Driver/Src/stm32f1xx_hal_rcc_ex.o
LOAD ./Drivers/STM32F1xx_HAL_Driver/Src/stm32f1xx_ll_usb.o
LOAD ./Middlewares/ST/STM32_USB_Device_Library/Class/CDC/Src/usbd_cdc.o
LOAD ./Middlewares/ST/STM32_USB_Device_Library/Core/Src/usbd_core.o
LOAD ./Middlewares/ST/STM32_USB_Device_Library/Core/Src/usbd_ctlreq.o
LOAD ./Middlewares/ST/STM32_USB_Device_Library/Core/Src/usbd_ioreq.o
LOAD ./USB_DEVICE/App/usb_device.o
LOAD ./USB_DEVICE/App/usbd_cdc_if.o
LOAD ./USB_DEVICE/App/usbd_desc.o
LOAD ./USB_DEVICE/Target/usbd_conf.o
START GROUP
LOAD C:/ST/STM32CubeIDE_1.17.0/STM32CubeIDE/plugins/com.st.stm32cube.ide.mcu.externaltools.gnu-tools-for-stm32.13.3.rel1.win32_1.0.0.202411081344/tools/bin/../lib/gcc/arm-none-eabi/13.3.1/../../../../arm-none-eabi/lib/thumb/v7-m/nofp\libc_nano.a
LOAD C:/ST/STM32CubeIDE_1.17.0/STM32CubeIDE/plugins/com.st.stm32cube.ide.mcu.externaltools.gnu-tools-for-stm32.13.3.rel1.win32_1.0.0.202411081344/tools/bin/../lib/gcc/arm-none-eabi/13.3.1/../../../../arm-none-eabi/lib/thumb/v7-m/nofp\libm.a
END GROUP
START GROUP
LOAD C:/ST/STM32CubeIDE_1.17.0/STM32CubeIDE/plugins/com.st.stm32cube.ide.mcu.externaltools.gnu-tools-for-stm32.13.3.rel1.win32_1.0.0.202411081344/tools/bin/../lib/gcc/arm-none-eabi/13.3.1/thumb/v7-m/nofp\libgcc.a
LOAD C:/ST/STM32CubeIDE_1.17.0/STM32CubeIDE/plugins/com.st.stm32cube.ide.mcu.externaltools.gnu-tools-for-stm32.13.3.rel1.win32_1.0.0.202411081344/tools/bin/../lib/gcc/arm-none-eabi/13.3.1/../../../../arm-none-eabi/lib/thumb/v7-m/nofp\libc_nano.a
END GROUP
START GROUP
LOAD C:/ST/STM32CubeIDE_1.17.0/STM32CubeIDE/plugins/com.st.stm32cube.ide.mcu.externaltools.gnu-tools-for-stm32.13.3.rel1.win32_1.0.0.202411081344/tools/bin/../lib/gcc/arm-none-eabi/13.3.1/thumb/v7-m/nofp\libgcc.a
LOAD C:/ST/STM32CubeIDE_1.17.0/STM32CubeIDE/plugins/com.st.stm32cube.ide.mcu.externaltools.gnu-tools-for-stm32.13.3.rel1.win32_1.0.0.202411081344/tools/bin/../lib/gcc/arm-none-eabi/13.3.1/../../../../arm-none-eabi/lib/thumb/v7-m/nofp\libc_nano.a
LOAD C:/ST/STM32CubeIDE_1.17.0/STM32CubeIDE/plugins/com.st.stm32cube.ide.mcu.externaltools.gnu-tools-for-stm32.13.3.rel1.win32_1.0.0.202411081344/tools/bin/../lib/gcc/arm-none-eabi/13.3.1/../../../../arm-none-eabi/lib/thumb/v7-m/nofp\libnosys.a
END GROUP
START GROUP
LOAD C:/ST/STM32CubeIDE_1.17.0/STM32CubeIDE/plugins/com.st.stm32cube.ide.mcu.externaltools.gnu-tools-for-stm32.13.3.rel1.win32_1.0.0.202411081344/tools/bin/../lib/gcc/arm-none-eabi/13.3.1/thumb/v7-m/nofp\libgcc.a
LOAD C:/ST/STM32CubeIDE_1.17.0/STM32CubeIDE/plugins/com.st.stm32cube.ide.mcu.externaltools.gnu-tools-for-stm32.13.3.rel1.win32_1.0.0.202411081344/tools/bin/../lib/gcc/arm-none-eabi/13.3.1/../../../../arm-none-eabi/lib/thumb/v7-m/nofp\libc_nano.a
LOAD C:/ST/STM32CubeIDE_1.17.0/STM32CubeIDE/plugins/com.st.stm32cube.ide.mcu.externaltools.gnu-tools-for-stm32.13.3.rel1.win32_1.0.0.202411081344/tools/bin/../lib/gcc/arm-none-eabi/13.3.1/../../../../arm-none-eabi/lib/thumb/v7-m/nofp\libnosys.a
END GROUP
LOAD C:/ST/STM32CubeIDE_1.17.0/STM32CubeIDE/plugins/com.st.stm32cube.ide.mcu.externaltools.gnu-tools-for-stm32.13.3.rel1.win32_1.0.0.202411081344/tools/bin/../lib/gcc/arm-none-eabi/13.3.1/thumb/v7-m/nofp/crtend.o
LOAD C:/ST/STM32CubeIDE_1.17.0/STM32CubeIDE/plugins/com.st.stm32cube.ide.mcu.externaltools.gnu-tools-for-stm32.13.3.rel1.win32_1.0.0.202411081344/tools/bin/../lib/gcc/arm-none-eabi/13.3.1/thumb/v7-m/nofp/crtn.o
                0x20005000                        _estack = (ORIGIN (RAM) + LENGTH (RAM))
                0x00000200                        _Min_Heap_Size = 0x200
                0x00000400                        _Min_Stack_Size = 0x400

.isr_vector     0x08000000      0x10c
                0x08000000                        . = ALIGN (0x4)
 *(.isr_vector)
 .isr_vector    0x08000000      0x10c ./Core/Startup/startup_stm32f103c8tx.o
                0x08000000                g_pfnVectors
                0x0800010c                        . = ALIGN (0x4)

.text           0x0800010c     0x7860
                0x0800010c                        . = ALIGN (0x4)
 *(.text)
 .text          0x0800010c       0x40 C:/ST/STM32CubeIDE_1.17.0/STM32CubeIDE/plugins/com.st.stm32cube.ide.mcu.externaltools.gnu-tools-for-stm32.13.3.rel1.win32_1.0.0.202411081344/tools/bin/../lib/gcc/arm-none-eabi/13.3.1/thumb/v7-m/nofp/crtbegin.o
 *(.text*)
 .text.error_return
                0x0800014c       0x50 ./Core/Src/command.o
                0x0800014c                error_return
 .text.done_return
                0x0800019c      0x128 ./Core/Src/command.o
                0x0800019c                done_return
 .text.led_blink
                0x080002c4       0x40 ./Core/Src/command.o
                0x080002c4                led_blink
 .text.led_on   0x08000304       0x3c ./Core/Src/command.o
                0x08000304                led_on
 .text.led_off  0x08000340       0x3c ./Core/Src/command.o
                0x08000340                led_off
 .text.led_current_enable
                0x0800037c       0x34 ./Core/Src/command.o
                0x0800037c                led_current_enable
 .text.led_target_enable
                0x080003b0       0x34 ./Core/Src/command.o
                0x080003b0                led_target_enable
 .text.led_current_blink_num
                0x080003e4       0x34 ./Core/Src/command.o
                0x080003e4                led_current_blink_num
 .text.led_target_blink_num
                0x08000418       0x34 ./Core/Src/command.o
                0x08000418                led_target_blink_num
 .text.State_Machine_Init
                0x0800044c       0x58 ./Core/Src/command.o
                0x0800044c                State_Machine_Init
 .text.LED_Init
                0x080004a4       0x2a ./Core/Src/main.o
                0x080004a4                LED_Init
 *fill*         0x080004ce        0x2 
 .text.Blink    0x080004d0       0x30 ./Core/Src/main.o
                0x080004d0                Blink
 .text.LED_Manager
                0x08000500       0x58 ./Core/Src/main.o
                0x08000500                LED_Manager
 .text.main     0x08000558       0x2c ./Core/Src/main.o
                0x08000558                main
 .text.SystemClock_Config
                0x08000584       0xb6 ./Core/Src/main.o
                0x08000584                SystemClock_Config
 *fill*         0x0800063a        0x2 
 .text.MX_GPIO_Init
                0x0800063c       0x98 ./Core/Src/main.o
 .text.Error_Handler
                0x080006d4        0xc ./Core/Src/main.o
                0x080006d4                Error_Handler
 .text.HAL_MspInit
                0x080006e0       0x64 ./Core/Src/stm32f1xx_hal_msp.o
                0x080006e0                HAL_MspInit
 .text.NMI_Handler
                0x08000744        0x8 ./Core/Src/stm32f1xx_it.o
                0x08000744                NMI_Handler
 .text.HardFault_Handler
                0x0800074c        0x8 ./Core/Src/stm32f1xx_it.o
                0x0800074c                HardFault_Handler
 .text.MemManage_Handler
                0x08000754        0x8 ./Core/Src/stm32f1xx_it.o
                0x08000754                MemManage_Handler
 .text.BusFault_Handler
                0x0800075c        0x8 ./Core/Src/stm32f1xx_it.o
                0x0800075c                BusFault_Handler
 .text.UsageFault_Handler
                0x08000764        0x8 ./Core/Src/stm32f1xx_it.o
                0x08000764                UsageFault_Handler
 .text.SVC_Handler
                0x0800076c        0xc ./Core/Src/stm32f1xx_it.o
                0x0800076c                SVC_Handler
 .text.DebugMon_Handler
                0x08000778        0xc ./Core/Src/stm32f1xx_it.o
                0x08000778                DebugMon_Handler
 .text.PendSV_Handler
                0x08000784        0xc ./Core/Src/stm32f1xx_it.o
                0x08000784                PendSV_Handler
 .text.SysTick_Handler
                0x08000790        0xc ./Core/Src/stm32f1xx_it.o
                0x08000790                SysTick_Handler
 .text.USB_LP_CAN1_RX0_IRQHandler
                0x0800079c       0x14 ./Core/Src/stm32f1xx_it.o
                0x0800079c                USB_LP_CAN1_RX0_IRQHandler
 .text.SystemInit
                0x080007b0        0xc ./Core/Src/system_stm32f1xx.o
                0x080007b0                SystemInit
 .text.Reset_Handler
                0x080007bc       0x48 ./Core/Startup/startup_stm32f103c8tx.o
                0x080007bc                Reset_Handler
 .text.Default_Handler
                0x08000804        0x2 ./Core/Startup/startup_stm32f103c8tx.o
                0x08000804                RTC_Alarm_IRQHandler
                0x08000804                EXTI2_IRQHandler
                0x08000804                TIM1_CC_IRQHandler
                0x08000804                PVD_IRQHandler
                0x08000804                EXTI3_IRQHandler
                0x08000804                EXTI0_IRQHandler
                0x08000804                I2C2_EV_IRQHandler
                0x08000804                ADC1_2_IRQHandler
                0x08000804                SPI1_IRQHandler
                0x08000804                TAMPER_IRQHandler
                0x08000804                DMA1_Channel4_IRQHandler
                0x08000804                USART3_IRQHandler
                0x08000804                RTC_IRQHandler
                0x08000804                DMA1_Channel7_IRQHandler
                0x08000804                CAN1_RX1_IRQHandler
                0x08000804                TIM4_IRQHandler
                0x08000804                I2C1_EV_IRQHandler
                0x08000804                DMA1_Channel6_IRQHandler
                0x08000804                TIM3_IRQHandler
                0x08000804                RCC_IRQHandler
                0x08000804                TIM1_TRG_COM_IRQHandler
                0x08000804                DMA1_Channel1_IRQHandler
                0x08000804                Default_Handler
                0x08000804                EXTI15_10_IRQHandler
                0x08000804                EXTI9_5_IRQHandler
                0x08000804                SPI2_IRQHandler
                0x08000804                DMA1_Channel5_IRQHandler
                0x08000804                EXTI4_IRQHandler
                0x08000804                USB_HP_CAN1_TX_IRQHandler
                0x08000804                DMA1_Channel3_IRQHandler
                0x08000804                TIM1_UP_IRQHandler
                0x08000804                WWDG_IRQHandler
                0x08000804                TIM2_IRQHandler
                0x08000804                TIM1_BRK_IRQHandler
                0x08000804                EXTI1_IRQHandler
                0x08000804                USART2_IRQHandler
                0x08000804                I2C2_ER_IRQHandler
                0x08000804                DMA1_Channel2_IRQHandler
                0x08000804                CAN1_SCE_IRQHandler
                0x08000804                FLASH_IRQHandler
                0x08000804                USART1_IRQHandler
                0x08000804                I2C1_ER_IRQHandler
                0x08000804                USBWakeUp_IRQHandler
 *fill*         0x08000806        0x2 
 .text.HAL_Init
                0x08000808       0x2c ./Drivers/STM32F1xx_HAL_Driver/Src/stm32f1xx_hal.o
                0x08000808                HAL_Init
 .text.HAL_InitTick
                0x08000834       0x60 ./Drivers/STM32F1xx_HAL_Driver/Src/stm32f1xx_hal.o
                0x08000834                HAL_InitTick
 .text.HAL_IncTick
                0x08000894       0x24 ./Drivers/STM32F1xx_HAL_Driver/Src/stm32f1xx_hal.o
                0x08000894                HAL_IncTick
 .text.HAL_GetTick
                0x080008b8       0x14 ./Drivers/STM32F1xx_HAL_Driver/Src/stm32f1xx_hal.o
                0x080008b8                HAL_GetTick
 .text.HAL_Delay
                0x080008cc       0x48 ./Drivers/STM32F1xx_HAL_Driver/Src/stm32f1xx_hal.o
                0x080008cc                HAL_Delay
 .text.__NVIC_SetPriorityGrouping
                0x08000914       0x48 ./Drivers/STM32F1xx_HAL_Driver/Src/stm32f1xx_hal_cortex.o
 .text.__NVIC_GetPriorityGrouping
                0x0800095c       0x1c ./Drivers/STM32F1xx_HAL_Driver/Src/stm32f1xx_hal_cortex.o
 .text.__NVIC_EnableIRQ
                0x08000978       0x38 ./Drivers/STM32F1xx_HAL_Driver/Src/stm32f1xx_hal_cortex.o
 .text.__NVIC_SetPriority
                0x080009b0       0x54 ./Drivers/STM32F1xx_HAL_Driver/Src/stm32f1xx_hal_cortex.o
 .text.NVIC_EncodePriority
                0x08000a04       0x64 ./Drivers/STM32F1xx_HAL_Driver/Src/stm32f1xx_hal_cortex.o
 .text.SysTick_Config
                0x08000a68       0x44 ./Drivers/STM32F1xx_HAL_Driver/Src/stm32f1xx_hal_cortex.o
 .text.HAL_NVIC_SetPriorityGrouping
                0x08000aac       0x16 ./Drivers/STM32F1xx_HAL_Driver/Src/stm32f1xx_hal_cortex.o
                0x08000aac                HAL_NVIC_SetPriorityGrouping
 .text.HAL_NVIC_SetPriority
                0x08000ac2       0x38 ./Drivers/STM32F1xx_HAL_Driver/Src/stm32f1xx_hal_cortex.o
                0x08000ac2                HAL_NVIC_SetPriority
 .text.HAL_NVIC_EnableIRQ
                0x08000afa       0x1c ./Drivers/STM32F1xx_HAL_Driver/Src/stm32f1xx_hal_cortex.o
                0x08000afa                HAL_NVIC_EnableIRQ
 .text.HAL_SYSTICK_Config
                0x08000b16       0x18 ./Drivers/STM32F1xx_HAL_Driver/Src/stm32f1xx_hal_cortex.o
                0x08000b16                HAL_SYSTICK_Config
 *fill*         0x08000b2e        0x2 
 .text.HAL_GPIO_Init
                0x08000b30      0x308 ./Drivers/STM32F1xx_HAL_Driver/Src/stm32f1xx_hal_gpio.o
                0x08000b30                HAL_GPIO_Init
 .text.HAL_GPIO_WritePin
                0x08000e38       0x30 ./Drivers/STM32F1xx_HAL_Driver/Src/stm32f1xx_hal_gpio.o
                0x08000e38                HAL_GPIO_WritePin
 .text.HAL_PCD_Init
                0x08000e68      0x1ec ./Drivers/STM32F1xx_HAL_Driver/Src/stm32f1xx_hal_pcd.o
                0x08000e68                HAL_PCD_Init
 .text.HAL_PCD_Start
                0x08001054       0x4c ./Drivers/STM32F1xx_HAL_Driver/Src/stm32f1xx_hal_pcd.o
                0x08001054                HAL_PCD_Start
 .text.HAL_PCD_IRQHandler
                0x080010a0      0x260 ./Drivers/STM32F1xx_HAL_Driver/Src/stm32f1xx_hal_pcd.o
                0x080010a0                HAL_PCD_IRQHandler
 .text.HAL_PCD_SetAddress
                0x08001300       0x48 ./Drivers/STM32F1xx_HAL_Driver/Src/stm32f1xx_hal_pcd.o
                0x08001300                HAL_PCD_SetAddress
 .text.HAL_PCD_EP_Open
                0x08001348       0xba ./Drivers/STM32F1xx_HAL_Driver/Src/stm32f1xx_hal_pcd.o
                0x08001348                HAL_PCD_EP_Open
 .text.HAL_PCD_EP_Close
                0x08001402       0x90 ./Drivers/STM32F1xx_HAL_Driver/Src/stm32f1xx_hal_pcd.o
                0x08001402                HAL_PCD_EP_Close
 .text.HAL_PCD_EP_Receive
                0x08001492       0x62 ./Drivers/STM32F1xx_HAL_Driver/Src/stm32f1xx_hal_pcd.o
                0x08001492                HAL_PCD_EP_Receive
 .text.HAL_PCD_EP_GetRxCount
                0x080014f4       0x2e ./Drivers/STM32F1xx_HAL_Driver/Src/stm32f1xx_hal_pcd.o
                0x080014f4                HAL_PCD_EP_GetRxCount
 .text.HAL_PCD_EP_Transmit
                0x08001522       0x6e ./Drivers/STM32F1xx_HAL_Driver/Src/stm32f1xx_hal_pcd.o
                0x08001522                HAL_PCD_EP_Transmit
 .text.HAL_PCD_EP_SetStall
                0x08001590       0xc0 ./Drivers/STM32F1xx_HAL_Driver/Src/stm32f1xx_hal_pcd.o
                0x08001590                HAL_PCD_EP_SetStall
 .text.HAL_PCD_EP_ClrStall
                0x08001650       0xa8 ./Drivers/STM32F1xx_HAL_Driver/Src/stm32f1xx_hal_pcd.o
                0x08001650                HAL_PCD_EP_ClrStall
 .text.PCD_EP_ISR_Handler
                0x080016f8      0x79e ./Drivers/STM32F1xx_HAL_Driver/Src/stm32f1xx_hal_pcd.o
 .text.HAL_PCD_EP_DB_Receive
                0x08001e96      0x21a ./Drivers/STM32F1xx_HAL_Driver/Src/stm32f1xx_hal_pcd.o
 .text.HAL_PCD_EP_DB_Transmit
                0x080020b0      0x7f4 ./Drivers/STM32F1xx_HAL_Driver/Src/stm32f1xx_hal_pcd.o
 .text.HAL_PCDEx_PMAConfig
                0x080028a4       0x84 ./Drivers/STM32F1xx_HAL_Driver/Src/stm32f1xx_hal_pcd_ex.o
                0x080028a4                HAL_PCDEx_PMAConfig
 .text.HAL_RCC_OscConfig
                0x08002928      0x504 ./Drivers/STM32F1xx_HAL_Driver/Src/stm32f1xx_hal_rcc.o
                0x08002928                HAL_RCC_OscConfig
 .text.HAL_RCC_ClockConfig
                0x08002e2c      0x1d4 ./Drivers/STM32F1xx_HAL_Driver/Src/stm32f1xx_hal_rcc.o
                0x08002e2c                HAL_RCC_ClockConfig
 .text.HAL_RCC_GetSysClockFreq
                0x08003000       0xa8 ./Drivers/STM32F1xx_HAL_Driver/Src/stm32f1xx_hal_rcc.o
                0x08003000                HAL_RCC_GetSysClockFreq
 .text.RCC_Delay
                0x080030a8       0x3c ./Drivers/STM32F1xx_HAL_Driver/Src/stm32f1xx_hal_rcc.o
 .text.HAL_RCCEx_PeriphCLKConfig
                0x080030e4      0x16c ./Drivers/STM32F1xx_HAL_Driver/Src/stm32f1xx_hal_rcc_ex.o
                0x080030e4                HAL_RCCEx_PeriphCLKConfig
 .text.USB_CoreInit
                0x08003250       0x1a ./Drivers/STM32F1xx_HAL_Driver/Src/stm32f1xx_ll_usb.o
                0x08003250                USB_CoreInit
 .text.USB_EnableGlobalInt
                0x0800326a       0x2c ./Drivers/STM32F1xx_HAL_Driver/Src/stm32f1xx_ll_usb.o
                0x0800326a                USB_EnableGlobalInt
 .text.USB_DisableGlobalInt
                0x08003296       0x34 ./Drivers/STM32F1xx_HAL_Driver/Src/stm32f1xx_ll_usb.o
                0x08003296                USB_DisableGlobalInt
 .text.USB_SetCurrentMode
                0x080032ca       0x18 ./Drivers/STM32F1xx_HAL_Driver/Src/stm32f1xx_ll_usb.o
                0x080032ca                USB_SetCurrentMode
 .text.USB_DevInit
                0x080032e2       0x3a ./Drivers/STM32F1xx_HAL_Driver/Src/stm32f1xx_ll_usb.o
                0x080032e2                USB_DevInit
 .text.USB_ActivateEndpoint
                0x0800331c      0x780 ./Drivers/STM32F1xx_HAL_Driver/Src/stm32f1xx_ll_usb.o
                0x0800331c                USB_ActivateEndpoint
 .text.USB_DeactivateEndpoint
                0x08003a9c      0x3d8 ./Drivers/STM32F1xx_HAL_Driver/Src/stm32f1xx_ll_usb.o
                0x08003a9c                USB_DeactivateEndpoint
 .text.USB_EPStartXfer
                0x08003e74     0x1762 ./Drivers/STM32F1xx_HAL_Driver/Src/stm32f1xx_ll_usb.o
                0x08003e74                USB_EPStartXfer
 .text.USB_EPSetStall
                0x080055d6       0xa0 ./Drivers/STM32F1xx_HAL_Driver/Src/stm32f1xx_ll_usb.o
                0x080055d6                USB_EPSetStall
 .text.USB_EPClearStall
                0x08005676      0x15a ./Drivers/STM32F1xx_HAL_Driver/Src/stm32f1xx_ll_usb.o
                0x08005676                USB_EPClearStall
 .text.USB_SetDevAddress
                0x080057d0       0x26 ./Drivers/STM32F1xx_HAL_Driver/Src/stm32f1xx_ll_usb.o
                0x080057d0                USB_SetDevAddress
 .text.USB_DevConnect
                0x080057f6       0x14 ./Drivers/STM32F1xx_HAL_Driver/Src/stm32f1xx_ll_usb.o
                0x080057f6                USB_DevConnect
 .text.USB_DevDisconnect
                0x0800580a       0x14 ./Drivers/STM32F1xx_HAL_Driver/Src/stm32f1xx_ll_usb.o
                0x0800580a                USB_DevDisconnect
 .text.USB_ReadInterrupts
                0x0800581e       0x1e ./Drivers/STM32F1xx_HAL_Driver/Src/stm32f1xx_ll_usb.o
                0x0800581e                USB_ReadInterrupts
 .text.USB_EP0_OutStart
                0x0800583c       0x16 ./Drivers/STM32F1xx_HAL_Driver/Src/stm32f1xx_ll_usb.o
                0x0800583c                USB_EP0_OutStart
 .text.USB_WritePMA
                0x08005852       0x8c ./Drivers/STM32F1xx_HAL_Driver/Src/stm32f1xx_ll_usb.o
                0x08005852                USB_WritePMA
 .text.USB_ReadPMA
                0x080058de       0x9e ./Drivers/STM32F1xx_HAL_Driver/Src/stm32f1xx_ll_usb.o
                0x080058de                USB_ReadPMA
 .text.USBD_CDC_Init
                0x0800597c       0xf4 ./Middlewares/ST/STM32_USB_Device_Library/Class/CDC/Src/usbd_cdc.o
 .text.USBD_CDC_DeInit
                0x08005a70       0x6e ./Middlewares/ST/STM32_USB_Device_Library/Class/CDC/Src/usbd_cdc.o
 .text.USBD_CDC_Setup
                0x08005ade      0x146 ./Middlewares/ST/STM32_USB_Device_Library/Class/CDC/Src/usbd_cdc.o
 .text.USBD_CDC_DataIn
                0x08005c24       0xa6 ./Middlewares/ST/STM32_USB_Device_Library/Class/CDC/Src/usbd_cdc.o
 .text.USBD_CDC_DataOut
                0x08005cca       0x56 ./Middlewares/ST/STM32_USB_Device_Library/Class/CDC/Src/usbd_cdc.o
 .text.USBD_CDC_EP0_RxReady
                0x08005d20       0x4e ./Middlewares/ST/STM32_USB_Device_Library/Class/CDC/Src/usbd_cdc.o
 *fill*         0x08005d6e        0x2 
 .text.USBD_CDC_GetFSCfgDesc
                0x08005d70       0x20 ./Middlewares/ST/STM32_USB_Device_Library/Class/CDC/Src/usbd_cdc.o
 .text.USBD_CDC_GetHSCfgDesc
                0x08005d90       0x20 ./Middlewares/ST/STM32_USB_Device_Library/Class/CDC/Src/usbd_cdc.o
 .text.USBD_CDC_GetOtherSpeedCfgDesc
                0x08005db0       0x20 ./Middlewares/ST/STM32_USB_Device_Library/Class/CDC/Src/usbd_cdc.o
 .text.USBD_CDC_GetDeviceQualifierDescriptor
                0x08005dd0       0x20 ./Middlewares/ST/STM32_USB_Device_Library/Class/CDC/Src/usbd_cdc.o
                0x08005dd0                USBD_CDC_GetDeviceQualifierDescriptor
 .text.USBD_CDC_RegisterInterface
                0x08005df0       0x2c ./Middlewares/ST/STM32_USB_Device_Library/Class/CDC/Src/usbd_cdc.o
                0x08005df0                USBD_CDC_RegisterInterface
 .text.USBD_CDC_SetTxBuffer
                0x08005e1c       0x32 ./Middlewares/ST/STM32_USB_Device_Library/Class/CDC/Src/usbd_cdc.o
                0x08005e1c                USBD_CDC_SetTxBuffer
 .text.USBD_CDC_SetRxBuffer
                0x08005e4e       0x26 ./Middlewares/ST/STM32_USB_Device_Library/Class/CDC/Src/usbd_cdc.o
                0x08005e4e                USBD_CDC_SetRxBuffer
 .text.USBD_CDC_ReceivePacket
                0x08005e74       0x54 ./Middlewares/ST/STM32_USB_Device_Library/Class/CDC/Src/usbd_cdc.o
                0x08005e74                USBD_CDC_ReceivePacket
 .text.USBD_Init
                0x08005ec8       0x56 ./Middlewares/ST/STM32_USB_Device_Library/Core/Src/usbd_core.o
                0x08005ec8                USBD_Init
 .text.USBD_RegisterClass
                0x08005f1e       0x32 ./Middlewares/ST/STM32_USB_Device_Library/Core/Src/usbd_core.o
                0x08005f1e                USBD_RegisterClass
 .text.USBD_Start
                0x08005f50       0x18 ./Middlewares/ST/STM32_USB_Device_Library/Core/Src/usbd_core.o
                0x08005f50                USBD_Start
 .text.USBD_RunTestMode
                0x08005f68       0x14 ./Middlewares/ST/STM32_USB_Device_Library/Core/Src/usbd_core.o
                0x08005f68                USBD_RunTestMode
 .text.USBD_SetClassConfig
                0x08005f7c       0x3e ./Middlewares/ST/STM32_USB_Device_Library/Core/Src/usbd_core.o
                0x08005f7c                USBD_SetClassConfig
 .text.USBD_ClrClassConfig
                0x08005fba       0x26 ./Middlewares/ST/STM32_USB_Device_Library/Core/Src/usbd_core.o
                0x08005fba                USBD_ClrClassConfig
 .text.USBD_LL_SetupStage
                0x08005fe0       0x9a ./Middlewares/ST/STM32_USB_Device_Library/Core/Src/usbd_core.o
                0x08005fe0                USBD_LL_SetupStage
 .text.USBD_LL_DataOutStage
                0x0800607a       0xe2 ./Middlewares/ST/STM32_USB_Device_Library/Core/Src/usbd_core.o
                0x0800607a                USBD_LL_DataOutStage
 .text.USBD_LL_DataInStage
                0x0800615c      0x14a ./Middlewares/ST/STM32_USB_Device_Library/Core/Src/usbd_core.o
                0x0800615c                USBD_LL_DataInStage
 .text.USBD_LL_Reset
                0x080062a6       0x82 ./Middlewares/ST/STM32_USB_Device_Library/Core/Src/usbd_core.o
                0x080062a6                USBD_LL_Reset
 .text.USBD_LL_SetSpeed
                0x08006328       0x1e ./Middlewares/ST/STM32_USB_Device_Library/Core/Src/usbd_core.o
                0x08006328                USBD_LL_SetSpeed
 .text.USBD_LL_Suspend
                0x08006346       0x28 ./Middlewares/ST/STM32_USB_Device_Library/Core/Src/usbd_core.o
                0x08006346                USBD_LL_Suspend
 .text.USBD_LL_Resume
                0x0800636e       0x2a ./Middlewares/ST/STM32_USB_Device_Library/Core/Src/usbd_core.o
                0x0800636e                USBD_LL_Resume
 .text.USBD_LL_SOF
                0x08006398       0x34 ./Middlewares/ST/STM32_USB_Device_Library/Core/Src/usbd_core.o
                0x08006398                USBD_LL_SOF
 .text.USBD_StdDevReq
                0x080063cc       0xd4 ./Middlewares/ST/STM32_USB_Device_Library/Core/Src/usbd_ctlreq.o
                0x080063cc                USBD_StdDevReq
 .text.USBD_StdItfReq
                0x080064a0       0x90 ./Middlewares/ST/STM32_USB_Device_Library/Core/Src/usbd_ctlreq.o
                0x080064a0                USBD_StdItfReq
 .text.USBD_StdEPReq
                0x08006530      0x2c6 ./Middlewares/ST/STM32_USB_Device_Library/Core/Src/usbd_ctlreq.o
                0x08006530                USBD_StdEPReq
 *fill*         0x080067f6        0x2 
 .text.USBD_GetDescriptor
                0x080067f8      0x2d0 ./Middlewares/ST/STM32_USB_Device_Library/Core/Src/usbd_ctlreq.o
 .text.USBD_SetAddress
                0x08006ac8       0x86 ./Middlewares/ST/STM32_USB_Device_Library/Core/Src/usbd_ctlreq.o
 *fill*         0x08006b4e        0x2 
 .text.USBD_SetConfig
                0x08006b50      0x11c ./Middlewares/ST/STM32_USB_Device_Library/Core/Src/usbd_ctlreq.o
 .text.USBD_GetConfig
                0x08006c6c       0x6a ./Middlewares/ST/STM32_USB_Device_Library/Core/Src/usbd_ctlreq.o
 .text.USBD_GetStatus
                0x08006cd6       0x66 ./Middlewares/ST/STM32_USB_Device_Library/Core/Src/usbd_ctlreq.o
 .text.USBD_SetFeature
                0x08006d3c       0x28 ./Middlewares/ST/STM32_USB_Device_Library/Core/Src/usbd_ctlreq.o
 .text.USBD_ClrFeature
                0x08006d64       0x42 ./Middlewares/ST/STM32_USB_Device_Library/Core/Src/usbd_ctlreq.o
 .text.USBD_ParseSetupRequest
                0x08006da6       0x72 ./Middlewares/ST/STM32_USB_Device_Library/Core/Src/usbd_ctlreq.o
                0x08006da6                USBD_ParseSetupRequest
 .text.USBD_CtlError
                0x08006e18       0x22 ./Middlewares/ST/STM32_USB_Device_Library/Core/Src/usbd_ctlreq.o
                0x08006e18                USBD_CtlError
 .text.USBD_GetString
                0x08006e3a       0x84 ./Middlewares/ST/STM32_USB_Device_Library/Core/Src/usbd_ctlreq.o
                0x08006e3a                USBD_GetString
 .text.USBD_GetLen
                0x08006ebe       0x2e ./Middlewares/ST/STM32_USB_Device_Library/Core/Src/usbd_ctlreq.o
 .text.USBD_CtlSendData
                0x08006eec       0x38 ./Middlewares/ST/STM32_USB_Device_Library/Core/Src/usbd_ioreq.o
                0x08006eec                USBD_CtlSendData
 .text.USBD_CtlContinueSendData
                0x08006f24       0x24 ./Middlewares/ST/STM32_USB_Device_Library/Core/Src/usbd_ioreq.o
                0x08006f24                USBD_CtlContinueSendData
 .text.USBD_CtlPrepareRx
                0x08006f48       0x3c ./Middlewares/ST/STM32_USB_Device_Library/Core/Src/usbd_ioreq.o
                0x08006f48                USBD_CtlPrepareRx
 .text.USBD_CtlContinueRx
                0x08006f84       0x24 ./Middlewares/ST/STM32_USB_Device_Library/Core/Src/usbd_ioreq.o
                0x08006f84                USBD_CtlContinueRx
 .text.USBD_CtlSendStatus
                0x08006fa8       0x26 ./Middlewares/ST/STM32_USB_Device_Library/Core/Src/usbd_ioreq.o
                0x08006fa8                USBD_CtlSendStatus
 .text.USBD_CtlReceiveStatus
                0x08006fce       0x26 ./Middlewares/ST/STM32_USB_Device_Library/Core/Src/usbd_ioreq.o
                0x08006fce                USBD_CtlReceiveStatus
 .text.MX_USB_DEVICE_Init
                0x08006ff4       0x60 ./USB_DEVICE/App/usb_device.o
                0x08006ff4                MX_USB_DEVICE_Init
 .text.CDC_Init_FS
                0x08007054       0x28 ./USB_DEVICE/App/usbd_cdc_if.o
 .text.CDC_DeInit_FS
                0x0800707c        0xe ./USB_DEVICE/App/usbd_cdc_if.o
 *fill*         0x0800708a        0x2 
 .text.CDC_Control_FS
                0x0800708c       0xbc ./USB_DEVICE/App/usbd_cdc_if.o
 .text.CDC_Receive_FS
                0x08007148       0x28 ./USB_DEVICE/App/usbd_cdc_if.o
 .text.USBD_FS_DeviceDescriptor
                0x08007170       0x24 ./USB_DEVICE/App/usbd_desc.o
                0x08007170                USBD_FS_DeviceDescriptor
 .text.USBD_FS_LangIDStrDescriptor
                0x08007194       0x24 ./USB_DEVICE/App/usbd_desc.o
                0x08007194                USBD_FS_LangIDStrDescriptor
 .text.USBD_FS_ProductStrDescriptor
                0x080071b8       0x3c ./USB_DEVICE/App/usbd_desc.o
                0x080071b8                USBD_FS_ProductStrDescriptor
 .text.USBD_FS_ManufacturerStrDescriptor
                0x080071f4       0x28 ./USB_DEVICE/App/usbd_desc.o
                0x080071f4                USBD_FS_ManufacturerStrDescriptor
 .text.USBD_FS_SerialStrDescriptor
                0x0800721c       0x24 ./USB_DEVICE/App/usbd_desc.o
                0x0800721c                USBD_FS_SerialStrDescriptor
 .text.USBD_FS_ConfigStrDescriptor
                0x08007240       0x3c ./USB_DEVICE/App/usbd_desc.o
                0x08007240                USBD_FS_ConfigStrDescriptor
 .text.USBD_FS_InterfaceStrDescriptor
                0x0800727c       0x3c ./USB_DEVICE/App/usbd_desc.o
                0x0800727c                USBD_FS_InterfaceStrDescriptor
 .text.Get_SerialNum
                0x080072b8       0x58 ./USB_DEVICE/App/usbd_desc.o
 .text.IntToUnicode
                0x08007310       0x7c ./USB_DEVICE/App/usbd_desc.o
 .text.HAL_PCD_MspInit
                0x0800738c       0x4c ./USB_DEVICE/Target/usbd_conf.o
                0x0800738c                HAL_PCD_MspInit
 .text.HAL_PCD_SetupStageCallback
                0x080073d8       0x24 ./USB_DEVICE/Target/usbd_conf.o
                0x080073d8                HAL_PCD_SetupStageCallback
 .text.HAL_PCD_DataOutStageCallback
                0x080073fc       0x36 ./USB_DEVICE/Target/usbd_conf.o
                0x080073fc                HAL_PCD_DataOutStageCallback
 .text.HAL_PCD_DataInStageCallback
                0x08007432       0x34 ./USB_DEVICE/Target/usbd_conf.o
                0x08007432                HAL_PCD_DataInStageCallback
 .text.HAL_PCD_SOFCallback
                0x08007466       0x1c ./USB_DEVICE/Target/usbd_conf.o
                0x08007466                HAL_PCD_SOFCallback
 .text.HAL_PCD_ResetCallback
                0x08007482       0x3c ./USB_DEVICE/Target/usbd_conf.o
                0x08007482                HAL_PCD_ResetCallback
 *fill*         0x080074be        0x2 
 .text.HAL_PCD_SuspendCallback
                0x080074c0       0x34 ./USB_DEVICE/Target/usbd_conf.o
                0x080074c0                HAL_PCD_SuspendCallback
 .text.HAL_PCD_ResumeCallback
                0x080074f4       0x1c ./USB_DEVICE/Target/usbd_conf.o
                0x080074f4                HAL_PCD_ResumeCallback
 .text.USBD_LL_Init
                0x08007510       0xb4 ./USB_DEVICE/Target/usbd_conf.o
                0x08007510                USBD_LL_Init
 .text.USBD_LL_Start
                0x080075c4       0x36 ./USB_DEVICE/Target/usbd_conf.o
                0x080075c4                USBD_LL_Start
 .text.USBD_LL_OpenEP
                0x080075fa       0x4c ./USB_DEVICE/Target/usbd_conf.o
                0x080075fa                USBD_LL_OpenEP
 .text.USBD_LL_CloseEP
                0x08007646       0x3e ./USB_DEVICE/Target/usbd_conf.o
                0x08007646                USBD_LL_CloseEP
 .text.USBD_LL_StallEP
                0x08007684       0x3e ./USB_DEVICE/Target/usbd_conf.o
                0x08007684                USBD_LL_StallEP
 .text.USBD_LL_ClearStallEP
                0x080076c2       0x3e ./USB_DEVICE/Target/usbd_conf.o
                0x080076c2                USBD_LL_ClearStallEP
 .text.USBD_LL_IsStallEP
                0x08007700       0x56 ./USB_DEVICE/Target/usbd_conf.o
                0x08007700                USBD_LL_IsStallEP
 .text.USBD_LL_SetUSBAddress
                0x08007756       0x3e ./USB_DEVICE/Target/usbd_conf.o
                0x08007756                USBD_LL_SetUSBAddress
 .text.USBD_LL_Transmit
                0x08007794       0x46 ./USB_DEVICE/Target/usbd_conf.o
                0x08007794                USBD_LL_Transmit
 .text.USBD_LL_PrepareReceive
                0x080077da       0x46 ./USB_DEVICE/Target/usbd_conf.o
                0x080077da                USBD_LL_PrepareReceive
 .text.USBD_LL_GetRxDataSize
                0x08007820       0x26 ./USB_DEVICE/Target/usbd_conf.o
                0x08007820                USBD_LL_GetRxDataSize
 *fill*         0x08007846        0x2 
 .text.USBD_static_malloc
                0x08007848       0x18 ./USB_DEVICE/Target/usbd_conf.o
                0x08007848                USBD_static_malloc
 .text.USBD_static_free
                0x08007860       0x12 ./USB_DEVICE/Target/usbd_conf.o
                0x08007860                USBD_static_free
 .text.HAL_PCDEx_SetConnectionState
                0x08007872       0x16 ./USB_DEVICE/Target/usbd_conf.o
                0x08007872                HAL_PCDEx_SetConnectionState
 .text.USBD_Get_USB_Status
                0x08007888       0x58 ./USB_DEVICE/Target/usbd_conf.o
 .text.memset   0x080078e0       0x10 C:/ST/STM32CubeIDE_1.17.0/STM32CubeIDE/plugins/com.st.stm32cube.ide.mcu.externaltools.gnu-tools-for-stm32.13.3.rel1.win32_1.0.0.202411081344/tools/bin/../lib/gcc/arm-none-eabi/13.3.1/../../../../arm-none-eabi/lib/thumb/v7-m/nofp\libc_nano.a(libc_a-memset.o)
                0x080078e0                memset
 .text.__libc_init_array
                0x080078f0       0x48 C:/ST/STM32CubeIDE_1.17.0/STM32CubeIDE/plugins/com.st.stm32cube.ide.mcu.externaltools.gnu-tools-for-stm32.13.3.rel1.win32_1.0.0.202411081344/tools/bin/../lib/gcc/arm-none-eabi/13.3.1/../../../../arm-none-eabi/lib/thumb/v7-m/nofp\libc_nano.a(libc_a-init.o)
                0x080078f0                __libc_init_array
 .text.memcpy   0x08007938       0x1c C:/ST/STM32CubeIDE_1.17.0/STM32CubeIDE/plugins/com.st.stm32cube.ide.mcu.externaltools.gnu-tools-for-stm32.13.3.rel1.win32_1.0.0.202411081344/tools/bin/../lib/gcc/arm-none-eabi/13.3.1/../../../../arm-none-eabi/lib/thumb/v7-m/nofp\libc_nano.a(libc_a-memcpy-stub.o)
                0x08007938                memcpy
 *(.glue_7)
 .glue_7        0x08007954        0x0 linker stubs
 *(.glue_7t)
 .glue_7t       0x08007954        0x0 linker stubs
 *(.eh_frame)
 .eh_frame      0x08007954        0x0 C:/ST/STM32CubeIDE_1.17.0/STM32CubeIDE/plugins/com.st.stm32cube.ide.mcu.externaltools.gnu-tools-for-stm32.13.3.rel1.win32_1.0.0.202411081344/tools/bin/../lib/gcc/arm-none-eabi/13.3.1/thumb/v7-m/nofp/crtbegin.o
 *(.init)
 .init          0x08007954        0x4 C:/ST/STM32CubeIDE_1.17.0/STM32CubeIDE/plugins/com.st.stm32cube.ide.mcu.externaltools.gnu-tools-for-stm32.13.3.rel1.win32_1.0.0.202411081344/tools/bin/../lib/gcc/arm-none-eabi/13.3.1/thumb/v7-m/nofp/crti.o
                0x08007954                _init
 .init          0x08007958        0x8 C:/ST/STM32CubeIDE_1.17.0/STM32CubeIDE/plugins/com.st.stm32cube.ide.mcu.externaltools.gnu-tools-for-stm32.13.3.rel1.win32_1.0.0.202411081344/tools/bin/../lib/gcc/arm-none-eabi/13.3.1/thumb/v7-m/nofp/crtn.o
 *(.fini)
 .fini          0x08007960        0x4 C:/ST/STM32CubeIDE_1.17.0/STM32CubeIDE/plugins/com.st.stm32cube.ide.mcu.externaltools.gnu-tools-for-stm32.13.3.rel1.win32_1.0.0.202411081344/tools/bin/../lib/gcc/arm-none-eabi/13.3.1/thumb/v7-m/nofp/crti.o
                0x08007960                _fini
 .fini          0x08007964        0x8 C:/ST/STM32CubeIDE_1.17.0/STM32CubeIDE/plugins/com.st.stm32cube.ide.mcu.externaltools.gnu-tools-for-stm32.13.3.rel1.win32_1.0.0.202411081344/tools/bin/../lib/gcc/arm-none-eabi/13.3.1/thumb/v7-m/nofp/crtn.o
                0x0800796c                        . = ALIGN (0x4)
                0x0800796c                        _etext = .

.vfp11_veneer   0x0800796c        0x0
 .vfp11_veneer  0x0800796c        0x0 linker stubs

.v4_bx          0x0800796c        0x0
 .v4_bx         0x0800796c        0x0 linker stubs

.iplt           0x0800796c        0x0
 .iplt          0x0800796c        0x0 C:/ST/STM32CubeIDE_1.17.0/STM32CubeIDE/plugins/com.st.stm32cube.ide.mcu.externaltools.gnu-tools-for-stm32.13.3.rel1.win32_1.0.0.202411081344/tools/bin/../lib/gcc/arm-none-eabi/13.3.1/thumb/v7-m/nofp/crtbegin.o

.rodata         0x0800796c       0x6c
                0x0800796c                        . = ALIGN (0x4)
 *(.rodata)
 .rodata        0x0800796c       0x46 ./USB_DEVICE/App/usbd_desc.o
 *(.rodata*)
 *fill*         0x080079b2        0x2 
 .rodata.AHBPrescTable
                0x080079b4       0x10 ./Core/Src/system_stm32f1xx.o
                0x080079b4                AHBPrescTable
 .rodata.aPLLMULFactorTable.1
                0x080079c4       0x10 ./Drivers/STM32F1xx_HAL_Driver/Src/stm32f1xx_hal_rcc.o
 .rodata.aPredivFactorTable.0
                0x080079d4        0x2 ./Drivers/STM32F1xx_HAL_Driver/Src/stm32f1xx_hal_rcc.o
                0x080079d8                        . = ALIGN (0x4)
 *fill*         0x080079d6        0x2 

.ARM.extab      0x080079d8        0x0
                0x080079d8                        . = ALIGN (0x4)
 *(.ARM.extab* .gnu.linkonce.armextab.*)
                0x080079d8                        . = ALIGN (0x4)

.ARM            0x080079d8        0x0
                0x080079d8                        . = ALIGN (0x4)
                0x080079d8                        __exidx_start = .
 *(.ARM.exidx*)
                0x080079d8                        __exidx_end = .
                0x080079d8                        . = ALIGN (0x4)

.preinit_array  0x080079d8        0x0
                0x080079d8                        . = ALIGN (0x4)
                0x080079d8                        PROVIDE (__preinit_array_start = .)
 *(.preinit_array*)
                0x080079d8                        PROVIDE (__preinit_array_end = .)
                0x080079d8                        . = ALIGN (0x4)

.init_array     0x080079d8        0x4
                0x080079d8                        . = ALIGN (0x4)
                0x080079d8                        PROVIDE (__init_array_start = .)
 *(SORT_BY_NAME(.init_array.*))
 *(.init_array*)
 .init_array    0x080079d8        0x4 C:/ST/STM32CubeIDE_1.17.0/STM32CubeIDE/plugins/com.st.stm32cube.ide.mcu.externaltools.gnu-tools-for-stm32.13.3.rel1.win32_1.0.0.202411081344/tools/bin/../lib/gcc/arm-none-eabi/13.3.1/thumb/v7-m/nofp/crtbegin.o
                0x080079dc                        PROVIDE (__init_array_end = .)
                0x080079dc                        . = ALIGN (0x4)

.fini_array     0x080079dc        0x4
                0x080079dc                        . = ALIGN (0x4)
                [!provide]                        PROVIDE (__fini_array_start = .)
 *(SORT_BY_NAME(.fini_array.*))
 *(.fini_array*)
 .fini_array    0x080079dc        0x4 C:/ST/STM32CubeIDE_1.17.0/STM32CubeIDE/plugins/com.st.stm32cube.ide.mcu.externaltools.gnu-tools-for-stm32.13.3.rel1.win32_1.0.0.202411081344/tools/bin/../lib/gcc/arm-none-eabi/13.3.1/thumb/v7-m/nofp/crtbegin.o
                [!provide]                        PROVIDE (__fini_array_end = .)
                0x080079e0                        . = ALIGN (0x4)
                0x080079e0                        _sidata = LOADADDR (.data)

.rel.dyn        0x080079e0        0x0
 .rel.iplt      0x080079e0        0x0 C:/ST/STM32CubeIDE_1.17.0/STM32CubeIDE/plugins/com.st.stm32cube.ide.mcu.externaltools.gnu-tools-for-stm32.13.3.rel1.win32_1.0.0.202411081344/tools/bin/../lib/gcc/arm-none-eabi/13.3.1/thumb/v7-m/nofp/crtbegin.o

.data           0x20000000      0x17c load address 0x080079e0
                0x20000000                        . = ALIGN (0x4)
                0x20000000                        _sdata = .
 *(.data)
 *(.data*)
 .data.SystemCoreClock
                0x20000000        0x4 ./Core/Src/system_stm32f1xx.o
                0x20000000                SystemCoreClock
 .data.uwTickPrio
                0x20000004        0x4 ./Drivers/STM32F1xx_HAL_Driver/Src/stm32f1xx_hal.o
                0x20000004                uwTickPrio
 .data.uwTickFreq
                0x20000008        0x1 ./Drivers/STM32F1xx_HAL_Driver/Src/stm32f1xx_hal.o
                0x20000008                uwTickFreq
 *fill*         0x20000009        0x3 
 .data.USBD_CDC_DeviceQualifierDesc
                0x2000000c        0xa ./Middlewares/ST/STM32_USB_Device_Library/Class/CDC/Src/usbd_cdc.o
 *fill*         0x20000016        0x2 
 .data.USBD_CDC
                0x20000018       0x38 ./Middlewares/ST/STM32_USB_Device_Library/Class/CDC/Src/usbd_cdc.o
                0x20000018                USBD_CDC
 .data.USBD_CDC_CfgHSDesc
                0x20000050       0x43 ./Middlewares/ST/STM32_USB_Device_Library/Class/CDC/Src/usbd_cdc.o
                0x20000050                USBD_CDC_CfgHSDesc
 *fill*         0x20000093        0x1 
 .data.USBD_CDC_CfgFSDesc
                0x20000094       0x43 ./Middlewares/ST/STM32_USB_Device_Library/Class/CDC/Src/usbd_cdc.o
                0x20000094                USBD_CDC_CfgFSDesc
 *fill*         0x200000d7        0x1 
 .data.USBD_CDC_OtherSpeedCfgDesc
                0x200000d8       0x43 ./Middlewares/ST/STM32_USB_Device_Library/Class/CDC/Src/usbd_cdc.o
                0x200000d8                USBD_CDC_OtherSpeedCfgDesc
 *fill*         0x2000011b        0x1 
 .data.USBD_Interface_fops_FS
                0x2000011c       0x10 ./USB_DEVICE/App/usbd_cdc_if.o
                0x2000011c                USBD_Interface_fops_FS
 .data.FS_Desc  0x2000012c       0x1c ./USB_DEVICE/App/usbd_desc.o
                0x2000012c                FS_Desc
 .data.USBD_FS_DeviceDesc
                0x20000148       0x12 ./USB_DEVICE/App/usbd_desc.o
                0x20000148                USBD_FS_DeviceDesc
 *fill*         0x2000015a        0x2 
 .data.USBD_LangIDDesc
                0x2000015c        0x4 ./USB_DEVICE/App/usbd_desc.o
                0x2000015c                USBD_LangIDDesc
 .data.USBD_StringSerial
                0x20000160       0x1a ./USB_DEVICE/App/usbd_desc.o
                0x20000160                USBD_StringSerial
 *(.RamFunc)
 *(.RamFunc*)
                0x2000017c                        . = ALIGN (0x4)
 *fill*         0x2000017a        0x2 
                0x2000017c                        _edata = .

.igot.plt       0x2000017c        0x0 load address 0x08007b5c
 .igot.plt      0x2000017c        0x0 C:/ST/STM32CubeIDE_1.17.0/STM32CubeIDE/plugins/com.st.stm32cube.ide.mcu.externaltools.gnu-tools-for-stm32.13.3.rel1.win32_1.0.0.202411081344/tools/bin/../lib/gcc/arm-none-eabi/13.3.1/thumb/v7-m/nofp/crtbegin.o
                0x2000017c                        . = ALIGN (0x4)

.bss            0x2000017c     0x1208 load address 0x08007b5c
                0x2000017c                        _sbss = .
                0x2000017c                        __bss_start__ = _sbss
 *(.bss)
 .bss           0x2000017c       0x1c C:/ST/STM32CubeIDE_1.17.0/STM32CubeIDE/plugins/com.st.stm32cube.ide.mcu.externaltools.gnu-tools-for-stm32.13.3.rel1.win32_1.0.0.202411081344/tools/bin/../lib/gcc/arm-none-eabi/13.3.1/thumb/v7-m/nofp/crtbegin.o
 *(.bss*)
 .bss.Function_Array
                0x20000198       0x1c ./Core/Src/command.o
                0x20000198                Function_Array
 .bss.LED_Handle
                0x200001b4        0xc ./Core/Src/main.o
                0x200001b4                LED_Handle
 .bss.uwTick    0x200001c0        0x4 ./Drivers/STM32F1xx_HAL_Driver/Src/stm32f1xx_hal.o
                0x200001c0                uwTick
 .bss.cfgidx.0  0x200001c4        0x1 ./Middlewares/ST/STM32_USB_Device_Library/Core/Src/usbd_ctlreq.o
 *fill*         0x200001c5        0x3 
 .bss.hUsbDeviceFS
                0x200001c8      0x2c4 ./USB_DEVICE/App/usb_device.o
                0x200001c8                hUsbDeviceFS
 .bss.UserRxBufferFS
                0x2000048c      0x400 ./USB_DEVICE/App/usbd_cdc_if.o
                0x2000048c                UserRxBufferFS
 .bss.UserTxBufferFS
                0x2000088c      0x400 ./USB_DEVICE/App/usbd_cdc_if.o
                0x2000088c                UserTxBufferFS
 .bss.USBD_StrDesc
                0x20000c8c      0x200 ./USB_DEVICE/App/usbd_desc.o
                0x20000c8c                USBD_StrDesc
 .bss.hpcd_USB_FS
                0x20000e8c      0x2d8 ./USB_DEVICE/Target/usbd_conf.o
                0x20000e8c                hpcd_USB_FS
 .bss.mem.0     0x20001164      0x220 ./USB_DEVICE/Target/usbd_conf.o
 *(COMMON)
                0x20001384                        . = ALIGN (0x4)
                0x20001384                        _ebss = .
                0x20001384                        __bss_end__ = _ebss

._user_heap_stack
                0x20001384      0x604 load address 0x08007b5c
                0x20001388                        . = ALIGN (0x8)
 *fill*         0x20001384        0x4 
                [!provide]                        PROVIDE (end = .)
                0x20001388                        PROVIDE (_end = .)
                0x20001588                        . = (. + _Min_Heap_Size)
 *fill*         0x20001388      0x200 
                0x20001988                        . = (. + _Min_Stack_Size)
 *fill*         0x20001588      0x400 
                0x20001988                        . = ALIGN (0x8)

/DISCARD/
 libc.a(*)
 libm.a(*)
 libgcc.a(*)

.ARM.attributes
                0x00000000       0x29
 *(.ARM.attributes)
 .ARM.attributes
                0x00000000       0x1d C:/ST/STM32CubeIDE_1.17.0/STM32CubeIDE/plugins/com.st.stm32cube.ide.mcu.externaltools.gnu-tools-for-stm32.13.3.rel1.win32_1.0.0.202411081344/tools/bin/../lib/gcc/arm-none-eabi/13.3.1/thumb/v7-m/nofp/crti.o
 .ARM.attributes
                0x0000001d       0x2d C:/ST/STM32CubeIDE_1.17.0/STM32CubeIDE/plugins/com.st.stm32cube.ide.mcu.externaltools.gnu-tools-for-stm32.13.3.rel1.win32_1.0.0.202411081344/tools/bin/../lib/gcc/arm-none-eabi/13.3.1/thumb/v7-m/nofp/crtbegin.o
 .ARM.attributes
                0x0000004a       0x2d ./Core/Src/command.o
 .ARM.attributes
                0x00000077       0x2d ./Core/Src/main.o
 .ARM.attributes
                0x000000a4       0x2d ./Core/Src/stm32f1xx_hal_msp.o
 .ARM.attributes
                0x000000d1       0x2d ./Core/Src/stm32f1xx_it.o
 .ARM.attributes
                0x000000fe       0x2d ./Core/Src/system_stm32f1xx.o
 .ARM.attributes
                0x0000012b       0x21 ./Core/Startup/startup_stm32f103c8tx.o
 .ARM.attributes
                0x0000014c       0x2d ./Drivers/STM32F1xx_HAL_Driver/Src/stm32f1xx_hal.o
 .ARM.attributes
                0x00000179       0x2d ./Drivers/STM32F1xx_HAL_Driver/Src/stm32f1xx_hal_cortex.o
 .ARM.attributes
                0x000001a6       0x2d ./Drivers/STM32F1xx_HAL_Driver/Src/stm32f1xx_hal_gpio.o
 .ARM.attributes
                0x000001d3       0x2d ./Drivers/STM32F1xx_HAL_Driver/Src/stm32f1xx_hal_pcd.o
 .ARM.attributes
                0x00000200       0x2d ./Drivers/STM32F1xx_HAL_Driver/Src/stm32f1xx_hal_pcd_ex.o
 .ARM.attributes
                0x0000022d       0x2d ./Drivers/STM32F1xx_HAL_Driver/Src/stm32f1xx_hal_rcc.o
 .ARM.attributes
                0x0000025a       0x2d ./Drivers/STM32F1xx_HAL_Driver/Src/stm32f1xx_hal_rcc_ex.o
 .ARM.attributes
                0x00000287       0x2d ./Drivers/STM32F1xx_HAL_Driver/Src/stm32f1xx_ll_usb.o
 .ARM.attributes
                0x000002b4       0x2d ./Middlewares/ST/STM32_USB_Device_Library/Class/CDC/Src/usbd_cdc.o
 .ARM.attributes
                0x000002e1       0x2d ./Middlewares/ST/STM32_USB_Device_Library/Core/Src/usbd_core.o
 .ARM.attributes
                0x0000030e       0x2d ./Middlewares/ST/STM32_USB_Device_Library/Core/Src/usbd_ctlreq.o
 .ARM.attributes
                0x0000033b       0x2d ./Middlewares/ST/STM32_USB_Device_Library/Core/Src/usbd_ioreq.o
 .ARM.attributes
                0x00000368       0x2d ./USB_DEVICE/App/usb_device.o
 .ARM.attributes
                0x00000395       0x2d ./USB_DEVICE/App/usbd_cdc_if.o
 .ARM.attributes
                0x000003c2       0x2d ./USB_DEVICE/App/usbd_desc.o
 .ARM.attributes
                0x000003ef       0x2d ./USB_DEVICE/Target/usbd_conf.o
 .ARM.attributes
                0x0000041c       0x2d C:/ST/STM32CubeIDE_1.17.0/STM32CubeIDE/plugins/com.st.stm32cube.ide.mcu.externaltools.gnu-tools-for-stm32.13.3.rel1.win32_1.0.0.202411081344/tools/bin/../lib/gcc/arm-none-eabi/13.3.1/../../../../arm-none-eabi/lib/thumb/v7-m/nofp\libc_nano.a(libc_a-memset.o)
 .ARM.attributes
                0x00000449       0x2d C:/ST/STM32CubeIDE_1.17.0/STM32CubeIDE/plugins/com.st.stm32cube.ide.mcu.externaltools.gnu-tools-for-stm32.13.3.rel1.win32_1.0.0.202411081344/tools/bin/../lib/gcc/arm-none-eabi/13.3.1/../../../../arm-none-eabi/lib/thumb/v7-m/nofp\libc_nano.a(libc_a-init.o)
 .ARM.attributes
                0x00000476       0x2d C:/ST/STM32CubeIDE_1.17.0/STM32CubeIDE/plugins/com.st.stm32cube.ide.mcu.externaltools.gnu-tools-for-stm32.13.3.rel1.win32_1.0.0.202411081344/tools/bin/../lib/gcc/arm-none-eabi/13.3.1/../../../../arm-none-eabi/lib/thumb/v7-m/nofp\libc_nano.a(libc_a-memcpy-stub.o)
 .ARM.attributes
                0x000004a3       0x1d C:/ST/STM32CubeIDE_1.17.0/STM32CubeIDE/plugins/com.st.stm32cube.ide.mcu.externaltools.gnu-tools-for-stm32.13.3.rel1.win32_1.0.0.202411081344/tools/bin/../lib/gcc/arm-none-eabi/13.3.1/thumb/v7-m/nofp/crtn.o
OUTPUT(led_test.elf elf32-littlearm)
LOAD linker stubs
LOAD C:/ST/STM32CubeIDE_1.17.0/STM32CubeIDE/plugins/com.st.stm32cube.ide.mcu.externaltools.gnu-tools-for-stm32.13.3.rel1.win32_1.0.0.202411081344/tools/bin/../lib/gcc/arm-none-eabi/13.3.1/../../../../arm-none-eabi/lib/thumb/v7-m/nofp\libc.a
LOAD C:/ST/STM32CubeIDE_1.17.0/STM32CubeIDE/plugins/com.st.stm32cube.ide.mcu.externaltools.gnu-tools-for-stm32.13.3.rel1.win32_1.0.0.202411081344/tools/bin/../lib/gcc/arm-none-eabi/13.3.1/../../../../arm-none-eabi/lib/thumb/v7-m/nofp\libm.a
LOAD C:/ST/STM32CubeIDE_1.17.0/STM32CubeIDE/plugins/com.st.stm32cube.ide.mcu.externaltools.gnu-tools-for-stm32.13.3.rel1.win32_1.0.0.202411081344/tools/bin/../lib/gcc/arm-none-eabi/13.3.1/thumb/v7-m/nofp\libgcc.a

.debug_info     0x00000000     0xc2e8
 .debug_info    0x00000000      0x4b3 ./Core/Src/command.o
 .debug_info    0x000004b3      0x65c ./Core/Src/main.o
 .debug_info    0x00000b0f      0x1ff ./Core/Src/stm32f1xx_hal_msp.o
 .debug_info    0x00000d0e      0x610 ./Core/Src/stm32f1xx_it.o
 .debug_info    0x0000131e      0x222 ./Core/Src/system_stm32f1xx.o
 .debug_info    0x00001540       0x30 ./Core/Startup/startup_stm32f103c8tx.o
 .debug_info    0x00001570      0x704 ./Drivers/STM32F1xx_HAL_Driver/Src/stm32f1xx_hal.o
 .debug_info    0x00001c74      0xa87 ./Drivers/STM32F1xx_HAL_Driver/Src/stm32f1xx_hal_cortex.o
 .debug_info    0x000026fb      0x5ab ./Drivers/STM32F1xx_HAL_Driver/Src/stm32f1xx_hal_gpio.o
 .debug_info    0x00002ca6     0x16dc ./Drivers/STM32F1xx_HAL_Driver/Src/stm32f1xx_hal_pcd.o
 .debug_info    0x00004382      0x6c3 ./Drivers/STM32F1xx_HAL_Driver/Src/stm32f1xx_hal_pcd_ex.o
 .debug_info    0x00004a45      0x7d5 ./Drivers/STM32F1xx_HAL_Driver/Src/stm32f1xx_hal_rcc.o
 .debug_info    0x0000521a      0x3c0 ./Drivers/STM32F1xx_HAL_Driver/Src/stm32f1xx_hal_rcc_ex.o
 .debug_info    0x000055da     0x17ae ./Drivers/STM32F1xx_HAL_Driver/Src/stm32f1xx_ll_usb.o
 .debug_info    0x00006d88     0x104a ./Middlewares/ST/STM32_USB_Device_Library/Class/CDC/Src/usbd_cdc.o
 .debug_info    0x00007dd2      0xa59 ./Middlewares/ST/STM32_USB_Device_Library/Core/Src/usbd_core.o
 .debug_info    0x0000882b      0x923 ./Middlewares/ST/STM32_USB_Device_Library/Core/Src/usbd_ctlreq.o
 .debug_info    0x0000914e      0x6a7 ./Middlewares/ST/STM32_USB_Device_Library/Core/Src/usbd_ioreq.o
 .debug_info    0x000097f5      0x644 ./USB_DEVICE/App/usb_device.o
 .debug_info    0x00009e39      0x7f3 ./USB_DEVICE/App/usbd_cdc_if.o
 .debug_info    0x0000a62c      0x451 ./USB_DEVICE/App/usbd_desc.o
 .debug_info    0x0000aa7d     0x186b ./USB_DEVICE/Target/usbd_conf.o

.debug_abbrev   0x00000000     0x2b62
 .debug_abbrev  0x00000000      0x1a9 ./Core/Src/command.o
 .debug_abbrev  0x000001a9      0x295 ./Core/Src/main.o
 .debug_abbrev  0x0000043e       0xdb ./Core/Src/stm32f1xx_hal_msp.o
 .debug_abbrev  0x00000519      0x192 ./Core/Src/stm32f1xx_it.o
 .debug_abbrev  0x000006ab      0x13f ./Core/Src/system_stm32f1xx.o
 .debug_abbrev  0x000007ea       0x24 ./Core/Startup/startup_stm32f103c8tx.o
 .debug_abbrev  0x0000080e      0x201 ./Drivers/STM32F1xx_HAL_Driver/Src/stm32f1xx_hal.o
 .debug_abbrev  0x00000a0f      0x2f8 ./Drivers/STM32F1xx_HAL_Driver/Src/stm32f1xx_hal_cortex.o
 .debug_abbrev  0x00000d07      0x1ca ./Drivers/STM32F1xx_HAL_Driver/Src/stm32f1xx_hal_gpio.o
 .debug_abbrev  0x00000ed1      0x2d6 ./Drivers/STM32F1xx_HAL_Driver/Src/stm32f1xx_hal_pcd.o
 .debug_abbrev  0x000011a7      0x189 ./Drivers/STM32F1xx_HAL_Driver/Src/stm32f1xx_hal_pcd_ex.o
 .debug_abbrev  0x00001330      0x2b3 ./Drivers/STM32F1xx_HAL_Driver/Src/stm32f1xx_hal_rcc.o
 .debug_abbrev  0x000015e3      0x188 ./Drivers/STM32F1xx_HAL_Driver/Src/stm32f1xx_hal_rcc_ex.o
 .debug_abbrev  0x0000176b      0x1de ./Drivers/STM32F1xx_HAL_Driver/Src/stm32f1xx_ll_usb.o
 .debug_abbrev  0x00001949      0x2d3 ./Middlewares/ST/STM32_USB_Device_Library/Class/CDC/Src/usbd_cdc.o
 .debug_abbrev  0x00001c1c      0x24a ./Middlewares/ST/STM32_USB_Device_Library/Core/Src/usbd_core.o
 .debug_abbrev  0x00001e66      0x26b ./Middlewares/ST/STM32_USB_Device_Library/Core/Src/usbd_ctlreq.o
 .debug_abbrev  0x000020d1      0x192 ./Middlewares/ST/STM32_USB_Device_Library/Core/Src/usbd_ioreq.o
 .debug_abbrev  0x00002263      0x18d ./USB_DEVICE/App/usb_device.o
 .debug_abbrev  0x000023f0      0x25d ./USB_DEVICE/App/usbd_cdc_if.o
 .debug_abbrev  0x0000264d      0x1ff ./USB_DEVICE/App/usbd_desc.o
 .debug_abbrev  0x0000284c      0x316 ./USB_DEVICE/Target/usbd_conf.o

.debug_aranges  0x00000000      0xb00
 .debug_aranges
                0x00000000       0x78 ./Core/Src/command.o
 .debug_aranges
                0x00000078       0x50 ./Core/Src/main.o
 .debug_aranges
                0x000000c8       0x20 ./Core/Src/stm32f1xx_hal_msp.o
 .debug_aranges
                0x000000e8       0x68 ./Core/Src/stm32f1xx_it.o
 .debug_aranges
                0x00000150       0x28 ./Core/Src/system_stm32f1xx.o
 .debug_aranges
                0x00000178       0x28 ./Core/Startup/startup_stm32f103c8tx.o
 .debug_aranges
                0x000001a0       0xe0 ./Drivers/STM32F1xx_HAL_Driver/Src/stm32f1xx_hal.o
 .debug_aranges
                0x00000280      0x100 ./Drivers/STM32F1xx_HAL_Driver/Src/stm32f1xx_hal_cortex.o
 .debug_aranges
                0x00000380       0x58 ./Drivers/STM32F1xx_HAL_Driver/Src/stm32f1xx_hal_gpio.o
 .debug_aranges
                0x000003d8      0x140 ./Drivers/STM32F1xx_HAL_Driver/Src/stm32f1xx_hal_pcd.o
 .debug_aranges
                0x00000518       0x38 ./Drivers/STM32F1xx_HAL_Driver/Src/stm32f1xx_hal_pcd_ex.o
 .debug_aranges
                0x00000550       0x90 ./Drivers/STM32F1xx_HAL_Driver/Src/stm32f1xx_hal_rcc.o
 .debug_aranges
                0x000005e0       0x30 ./Drivers/STM32F1xx_HAL_Driver/Src/stm32f1xx_hal_rcc_ex.o
 .debug_aranges
                0x00000610       0xf8 ./Drivers/STM32F1xx_HAL_Driver/Src/stm32f1xx_ll_usb.o
 .debug_aranges
                0x00000708       0x90 ./Middlewares/ST/STM32_USB_Device_Library/Class/CDC/Src/usbd_cdc.o
 .debug_aranges
                0x00000798       0xb8 ./Middlewares/ST/STM32_USB_Device_Library/Core/Src/usbd_core.o
 .debug_aranges
                0x00000850       0x88 ./Middlewares/ST/STM32_USB_Device_Library/Core/Src/usbd_ctlreq.o
 .debug_aranges
                0x000008d8       0x50 ./Middlewares/ST/STM32_USB_Device_Library/Core/Src/usbd_ioreq.o
 .debug_aranges
                0x00000928       0x20 ./USB_DEVICE/App/usb_device.o
 .debug_aranges
                0x00000948       0x40 ./USB_DEVICE/App/usbd_cdc_if.o
 .debug_aranges
                0x00000988       0x60 ./USB_DEVICE/App/usbd_desc.o
 .debug_aranges
                0x000009e8      0x118 ./USB_DEVICE/Target/usbd_conf.o

.debug_rnglists
                0x00000000      0x801
 .debug_rnglists
                0x00000000       0x56 ./Core/Src/command.o
 .debug_rnglists
                0x00000056       0x39 ./Core/Src/main.o
 .debug_rnglists
                0x0000008f       0x13 ./Core/Src/stm32f1xx_hal_msp.o
 .debug_rnglists
                0x000000a2       0x49 ./Core/Src/stm32f1xx_it.o
 .debug_rnglists
                0x000000eb       0x1a ./Core/Src/system_stm32f1xx.o
 .debug_rnglists
                0x00000105       0x19 ./Core/Startup/startup_stm32f103c8tx.o
 .debug_rnglists
                0x0000011e       0xa3 ./Drivers/STM32F1xx_HAL_Driver/Src/stm32f1xx_hal.o
 .debug_rnglists
                0x000001c1       0xbb ./Drivers/STM32F1xx_HAL_Driver/Src/stm32f1xx_hal_cortex.o
 .debug_rnglists
                0x0000027c       0x3f ./Drivers/STM32F1xx_HAL_Driver/Src/stm32f1xx_hal_gpio.o
 .debug_rnglists
                0x000002bb       0xf4 ./Drivers/STM32F1xx_HAL_Driver/Src/stm32f1xx_hal_pcd.o
 .debug_rnglists
                0x000003af       0x26 ./Drivers/STM32F1xx_HAL_Driver/Src/stm32f1xx_hal_pcd_ex.o
 .debug_rnglists
                0x000003d5       0x6c ./Drivers/STM32F1xx_HAL_Driver/Src/stm32f1xx_hal_rcc.o
 .debug_rnglists
                0x00000441       0x21 ./Drivers/STM32F1xx_HAL_Driver/Src/stm32f1xx_hal_rcc_ex.o
 .debug_rnglists
                0x00000462       0xbd ./Drivers/STM32F1xx_HAL_Driver/Src/stm32f1xx_ll_usb.o
 .debug_rnglists
                0x0000051f       0x6a ./Middlewares/ST/STM32_USB_Device_Library/Class/CDC/Src/usbd_cdc.o
 .debug_rnglists
                0x00000589       0x89 ./Middlewares/ST/STM32_USB_Device_Library/Core/Src/usbd_core.o
 .debug_rnglists
                0x00000612       0x68 ./Middlewares/ST/STM32_USB_Device_Library/Core/Src/usbd_ctlreq.o
 .debug_rnglists
                0x0000067a       0x37 ./Middlewares/ST/STM32_USB_Device_Library/Core/Src/usbd_ioreq.o
 .debug_rnglists
                0x000006b1       0x13 ./USB_DEVICE/App/usb_device.o
 .debug_rnglists
                0x000006c4       0x2c ./USB_DEVICE/App/usbd_cdc_if.o
 .debug_rnglists
                0x000006f0       0x43 ./USB_DEVICE/App/usbd_desc.o
 .debug_rnglists
                0x00000733       0xce ./USB_DEVICE/Target/usbd_conf.o

.debug_macro    0x00000000    0x196f7
 .debug_macro   0x00000000      0x2a1 ./Core/Src/command.o
 .debug_macro   0x000002a1      0xacc ./Core/Src/command.o
 .debug_macro   0x00000d6d      0x215 ./Core/Src/command.o
 .debug_macro   0x00000f82       0x2e ./Core/Src/command.o
 .debug_macro   0x00000fb0       0x22 ./Core/Src/command.o
 .debug_macro   0x00000fd2       0x22 ./Core/Src/command.o
 .debug_macro   0x00000ff4       0x8e ./Core/Src/command.o
 .debug_macro   0x00001082       0x51 ./Core/Src/command.o
 .debug_macro   0x000010d3      0x103 ./Core/Src/command.o
 .debug_macro   0x000011d6       0x6a ./Core/Src/command.o
 .debug_macro   0x00001240      0x1df ./Core/Src/command.o
 .debug_macro   0x0000141f       0x1c ./Core/Src/command.o
 .debug_macro   0x0000143b       0x22 ./Core/Src/command.o
 .debug_macro   0x0000145d       0xbd ./Core/Src/command.o
 .debug_macro   0x0000151a      0xd23 ./Core/Src/command.o
 .debug_macro   0x0000223d     0xe09e ./Core/Src/command.o
 .debug_macro   0x000102db       0x6d ./Core/Src/command.o
 .debug_macro   0x00010348     0x34a2 ./Core/Src/command.o
 .debug_macro   0x000137ea      0x190 ./Core/Src/command.o
 .debug_macro   0x0001397a       0x5c ./Core/Src/command.o
 .debug_macro   0x000139d6      0x5bc ./Core/Src/command.o
 .debug_macro   0x00013f92      0x289 ./Core/Src/command.o
 .debug_macro   0x0001421b      0x1cb ./Core/Src/command.o
 .debug_macro   0x000143e6      0x114 ./Core/Src/command.o
 .debug_macro   0x000144fa      0x1b2 ./Core/Src/command.o
 .debug_macro   0x000146ac       0x27 ./Core/Src/command.o
 .debug_macro   0x000146d3      0x136 ./Core/Src/command.o
 .debug_macro   0x00014809      0x1bc ./Core/Src/command.o
 .debug_macro   0x000149c5       0x34 ./Core/Src/command.o
 .debug_macro   0x000149f9       0x3c ./Core/Src/command.o
 .debug_macro   0x00014a35       0x57 ./Core/Src/command.o
 .debug_macro   0x00014a8c       0x87 ./Core/Src/command.o
 .debug_macro   0x00014b13      0x240 ./Core/Src/command.o
 .debug_macro   0x00014d53      0x140 ./Core/Src/command.o
 .debug_macro   0x00014e93       0xb7 ./Core/Src/command.o
 .debug_macro   0x00014f4a      0x242 ./Core/Src/command.o
 .debug_macro   0x0001518c       0x83 ./Core/Src/command.o
 .debug_macro   0x0001520f       0x22 ./Core/Src/command.o
 .debug_macro   0x00015231       0x10 ./Core/Src/command.o
 .debug_macro   0x00015241       0x61 ./Core/Src/command.o
 .debug_macro   0x000152a2       0x24 ./Core/Src/command.o
 .debug_macro   0x000152c6       0x43 ./Core/Src/command.o
 .debug_macro   0x00015309       0x34 ./Core/Src/command.o
 .debug_macro   0x0001533d      0x370 ./Core/Src/command.o
 .debug_macro   0x000156ad       0x16 ./Core/Src/command.o
 .debug_macro   0x000156c3       0x4a ./Core/Src/command.o
 .debug_macro   0x0001570d       0x34 ./Core/Src/command.o
 .debug_macro   0x00015741       0x10 ./Core/Src/command.o
 .debug_macro   0x00015751       0x58 ./Core/Src/command.o
 .debug_macro   0x000157a9       0x8e ./Core/Src/command.o
 .debug_macro   0x00015837       0x1c ./Core/Src/command.o
 .debug_macro   0x00015853      0x185 ./Core/Src/command.o
 .debug_macro   0x000159d8       0x10 ./Core/Src/command.o
 .debug_macro   0x000159e8       0x3c ./Core/Src/command.o
 .debug_macro   0x00015a24       0x20 ./Core/Src/command.o
 .debug_macro   0x00015a44       0x40 ./Core/Src/command.o
 .debug_macro   0x00015a84      0x331 ./Core/Src/main.o
 .debug_macro   0x00015db5       0x1c ./Core/Src/main.o
 .debug_macro   0x00015dd1       0x10 ./Core/Src/main.o
 .debug_macro   0x00015de1       0x1c ./Core/Src/main.o
 .debug_macro   0x00015dfd       0x16 ./Core/Src/main.o
 .debug_macro   0x00015e13      0x146 ./Core/Src/main.o
 .debug_macro   0x00015f59       0x16 ./Core/Src/main.o
 .debug_macro   0x00015f6f       0x16 ./Core/Src/main.o
 .debug_macro   0x00015f85       0x29 ./Core/Src/main.o
 .debug_macro   0x00015fae       0x5f ./Core/Src/main.o
 .debug_macro   0x0001600d      0x1c8 ./Core/Src/main.o
 .debug_macro   0x000161d5      0x2a1 ./Core/Src/stm32f1xx_hal_msp.o
 .debug_macro   0x00016476      0x2ab ./Core/Src/stm32f1xx_it.o
 .debug_macro   0x00016721      0x1a8 ./Core/Src/system_stm32f1xx.o
 .debug_macro   0x000168c9      0x1cc ./Drivers/STM32F1xx_HAL_Driver/Src/stm32f1xx_hal.o
 .debug_macro   0x00016a95      0x1a8 ./Drivers/STM32F1xx_HAL_Driver/Src/stm32f1xx_hal_cortex.o
 .debug_macro   0x00016c3d      0x213 ./Drivers/STM32F1xx_HAL_Driver/Src/stm32f1xx_hal_gpio.o
 .debug_macro   0x00016e50      0x1b4 ./Drivers/STM32F1xx_HAL_Driver/Src/stm32f1xx_hal_pcd.o
 .debug_macro   0x00017004      0x1a8 ./Drivers/STM32F1xx_HAL_Driver/Src/stm32f1xx_hal_pcd_ex.o
 .debug_macro   0x000171ac      0x1ba ./Drivers/STM32F1xx_HAL_Driver/Src/stm32f1xx_hal_rcc.o
 .debug_macro   0x00017366      0x1a8 ./Drivers/STM32F1xx_HAL_Driver/Src/stm32f1xx_hal_rcc_ex.o
 .debug_macro   0x0001750e      0x1a8 ./Drivers/STM32F1xx_HAL_Driver/Src/stm32f1xx_ll_usb.o
 .debug_macro   0x000176b6      0x362 ./Middlewares/ST/STM32_USB_Device_Library/Class/CDC/Src/usbd_cdc.o
 .debug_macro   0x00017a18       0x16 ./Middlewares/ST/STM32_USB_Device_Library/Class/CDC/Src/usbd_cdc.o
 .debug_macro   0x00017a2e       0x9e ./Middlewares/ST/STM32_USB_Device_Library/Class/CDC/Src/usbd_cdc.o
 .debug_macro   0x00017acc      0x112 ./Middlewares/ST/STM32_USB_Device_Library/Class/CDC/Src/usbd_cdc.o
 .debug_macro   0x00017bde       0x16 ./Middlewares/ST/STM32_USB_Device_Library/Class/CDC/Src/usbd_cdc.o
 .debug_macro   0x00017bf4       0x16 ./Middlewares/ST/STM32_USB_Device_Library/Class/CDC/Src/usbd_cdc.o
 .debug_macro   0x00017c0a       0x56 ./Middlewares/ST/STM32_USB_Device_Library/Class/CDC/Src/usbd_cdc.o
 .debug_macro   0x00017c60       0x8f ./Middlewares/ST/STM32_USB_Device_Library/Class/CDC/Src/usbd_cdc.o
 .debug_macro   0x00017cef      0x349 ./Middlewares/ST/STM32_USB_Device_Library/Core/Src/usbd_core.o
 .debug_macro   0x00018038      0x1ce ./Middlewares/ST/STM32_USB_Device_Library/Core/Src/usbd_core.o
 .debug_macro   0x00018206      0x353 ./Middlewares/ST/STM32_USB_Device_Library/Core/Src/usbd_ctlreq.o
 .debug_macro   0x00018559      0x34f ./Middlewares/ST/STM32_USB_Device_Library/Core/Src/usbd_ioreq.o
 .debug_macro   0x000188a8      0x388 ./USB_DEVICE/App/usb_device.o
 .debug_macro   0x00018c30       0x22 ./USB_DEVICE/App/usb_device.o
 .debug_macro   0x00018c52       0x16 ./USB_DEVICE/App/usb_device.o
 .debug_macro   0x00018c68      0x371 ./USB_DEVICE/App/usbd_cdc_if.o
 .debug_macro   0x00018fd9       0x10 ./USB_DEVICE/App/usbd_cdc_if.o
 .debug_macro   0x00018fe9      0x386 ./USB_DEVICE/App/usbd_desc.o
 .debug_macro   0x0001936f       0x1c ./USB_DEVICE/App/usbd_desc.o
 .debug_macro   0x0001938b      0x36c ./USB_DEVICE/Target/usbd_conf.o

.debug_line     0x00000000     0xf244
 .debug_line    0x00000000      0xabf ./Core/Src/command.o
 .debug_line    0x00000abf      0xa79 ./Core/Src/main.o
 .debug_line    0x00001538      0x876 ./Core/Src/stm32f1xx_hal_msp.o
 .debug_line    0x00001dae      0x93c ./Core/Src/stm32f1xx_it.o
 .debug_line    0x000026ea      0x779 ./Core/Src/system_stm32f1xx.o
 .debug_line    0x00002e63       0x78 ./Core/Startup/startup_stm32f103c8tx.o
 .debug_line    0x00002edb      0x9aa ./Drivers/STM32F1xx_HAL_Driver/Src/stm32f1xx_hal.o
 .debug_line    0x00003885      0xb74 ./Drivers/STM32F1xx_HAL_Driver/Src/stm32f1xx_hal_cortex.o
 .debug_line    0x000043f9      0xa07 ./Drivers/STM32F1xx_HAL_Driver/Src/stm32f1xx_hal_gpio.o
 .debug_line    0x00004e00     0x132f ./Drivers/STM32F1xx_HAL_Driver/Src/stm32f1xx_hal_pcd.o
 .debug_line    0x0000612f      0x774 ./Drivers/STM32F1xx_HAL_Driver/Src/stm32f1xx_hal_pcd_ex.o
 .debug_line    0x000068a3      0xe63 ./Drivers/STM32F1xx_HAL_Driver/Src/stm32f1xx_hal_rcc.o
 .debug_line    0x00007706      0x914 ./Drivers/STM32F1xx_HAL_Driver/Src/stm32f1xx_hal_rcc_ex.o
 .debug_line    0x0000801a     0x111a ./Drivers/STM32F1xx_HAL_Driver/Src/stm32f1xx_ll_usb.o
 .debug_line    0x00009134      0xd1d ./Middlewares/ST/STM32_USB_Device_Library/Class/CDC/Src/usbd_cdc.o
 .debug_line    0x00009e51      0xd72 ./Middlewares/ST/STM32_USB_Device_Library/Core/Src/usbd_core.o
 .debug_line    0x0000abc3      0xfbc ./Middlewares/ST/STM32_USB_Device_Library/Core/Src/usbd_ctlreq.o
 .debug_line    0x0000bb7f      0xa28 ./Middlewares/ST/STM32_USB_Device_Library/Core/Src/usbd_ioreq.o
 .debug_line    0x0000c5a7      0x9f8 ./USB_DEVICE/App/usb_device.o
 .debug_line    0x0000cf9f      0xa30 ./USB_DEVICE/App/usbd_cdc_if.o
 .debug_line    0x0000d9cf      0xaa1 ./USB_DEVICE/App/usbd_desc.o
 .debug_line    0x0000e470      0xdd4 ./USB_DEVICE/Target/usbd_conf.o

.debug_str      0x00000000    0x84a70
 .debug_str     0x00000000    0x84a70 ./Core/Src/command.o
                              0x80c95 (size before relaxing)
 .debug_str     0x00084a70    0x81ec3 ./Core/Src/main.o
 .debug_str     0x00084a70    0x80ad3 ./Core/Src/stm32f1xx_hal_msp.o
 .debug_str     0x00084a70    0x80eb2 ./Core/Src/stm32f1xx_it.o
 .debug_str     0x00084a70    0x7d7f9 ./Core/Src/system_stm32f1xx.o
 .debug_str     0x00084a70       0x83 ./Core/Startup/startup_stm32f103c8tx.o
 .debug_str     0x00084a70    0x7df2c ./Drivers/STM32F1xx_HAL_Driver/Src/stm32f1xx_hal.o
 .debug_str     0x00084a70    0x7de78 ./Drivers/STM32F1xx_HAL_Driver/Src/stm32f1xx_hal_cortex.o
 .debug_str     0x00084a70    0x7db7f ./Drivers/STM32F1xx_HAL_Driver/Src/stm32f1xx_hal_gpio.o
 .debug_str     0x00084a70    0x7e116 ./Drivers/STM32F1xx_HAL_Driver/Src/stm32f1xx_hal_pcd.o
 .debug_str     0x00084a70    0x7dc78 ./Drivers/STM32F1xx_HAL_Driver/Src/stm32f1xx_hal_pcd_ex.o
 .debug_str     0x00084a70    0x7dc28 ./Drivers/STM32F1xx_HAL_Driver/Src/stm32f1xx_hal_rcc.o
 .debug_str     0x00084a70    0x7d978 ./Drivers/STM32F1xx_HAL_Driver/Src/stm32f1xx_hal_rcc_ex.o
 .debug_str     0x00084a70    0x7dcca ./Drivers/STM32F1xx_HAL_Driver/Src/stm32f1xx_ll_usb.o
 .debug_str     0x00084a70    0x82886 ./Middlewares/ST/STM32_USB_Device_Library/Class/CDC/Src/usbd_cdc.o
 .debug_str     0x00084a70    0x821b6 ./Middlewares/ST/STM32_USB_Device_Library/Core/Src/usbd_core.o
 .debug_str     0x00084a70    0x820d0 ./Middlewares/ST/STM32_USB_Device_Library/Core/Src/usbd_ctlreq.o
 .debug_str     0x00084a70    0x81ffd ./Middlewares/ST/STM32_USB_Device_Library/Core/Src/usbd_ioreq.o
 .debug_str     0x00084a70    0x82388 ./USB_DEVICE/App/usb_device.o
 .debug_str     0x00084a70    0x823ae ./USB_DEVICE/App/usbd_cdc_if.o
 .debug_str     0x00084a70    0x81f39 ./USB_DEVICE/App/usbd_desc.o
 .debug_str     0x00084a70    0x82e13 ./USB_DEVICE/Target/usbd_conf.o

.comment        0x00000000       0x43
 .comment       0x00000000       0x43 ./Core/Src/command.o
                                 0x44 (size before relaxing)
 .comment       0x00000043       0x44 ./Core/Src/main.o
 .comment       0x00000043       0x44 ./Core/Src/stm32f1xx_hal_msp.o
 .comment       0x00000043       0x44 ./Core/Src/stm32f1xx_it.o
 .comment       0x00000043       0x44 ./Core/Src/system_stm32f1xx.o
 .comment       0x00000043       0x44 ./Drivers/STM32F1xx_HAL_Driver/Src/stm32f1xx_hal.o
 .comment       0x00000043       0x44 ./Drivers/STM32F1xx_HAL_Driver/Src/stm32f1xx_hal_cortex.o
 .comment       0x00000043       0x44 ./Drivers/STM32F1xx_HAL_Driver/Src/stm32f1xx_hal_gpio.o
 .comment       0x00000043       0x44 ./Drivers/STM32F1xx_HAL_Driver/Src/stm32f1xx_hal_pcd.o
 .comment       0x00000043       0x44 ./Drivers/STM32F1xx_HAL_Driver/Src/stm32f1xx_hal_pcd_ex.o
 .comment       0x00000043       0x44 ./Drivers/STM32F1xx_HAL_Driver/Src/stm32f1xx_hal_rcc.o
 .comment       0x00000043       0x44 ./Drivers/STM32F1xx_HAL_Driver/Src/stm32f1xx_hal_rcc_ex.o
 .comment       0x00000043       0x44 ./Drivers/STM32F1xx_HAL_Driver/Src/stm32f1xx_ll_usb.o
 .comment       0x00000043       0x44 ./Middlewares/ST/STM32_USB_Device_Library/Class/CDC/Src/usbd_cdc.o
 .comment       0x00000043       0x44 ./Middlewares/ST/STM32_USB_Device_Library/Core/Src/usbd_core.o
 .comment       0x00000043       0x44 ./Middlewares/ST/STM32_USB_Device_Library/Core/Src/usbd_ctlreq.o
 .comment       0x00000043       0x44 ./Middlewares/ST/STM32_USB_Device_Library/Core/Src/usbd_ioreq.o
 .comment       0x00000043       0x44 ./USB_DEVICE/App/usb_device.o
 .comment       0x00000043       0x44 ./USB_DEVICE/App/usbd_cdc_if.o
 .comment       0x00000043       0x44 ./USB_DEVICE/App/usbd_desc.o
 .comment       0x00000043       0x44 ./USB_DEVICE/Target/usbd_conf.o

.debug_frame    0x00000000     0x2a28
 .debug_frame   0x00000000      0x1c4 ./Core/Src/command.o
 .debug_frame   0x000001c4       0xf4 ./Core/Src/main.o
 .debug_frame   0x000002b8       0x38 ./Core/Src/stm32f1xx_hal_msp.o
 .debug_frame   0x000002f0      0x120 ./Core/Src/stm32f1xx_it.o
 .debug_frame   0x00000410       0x58 ./Core/Src/system_stm32f1xx.o
 .debug_frame   0x00000468      0x334 ./Drivers/STM32F1xx_HAL_Driver/Src/stm32f1xx_hal.o
 .debug_frame   0x0000079c      0x428 ./Drivers/STM32F1xx_HAL_Driver/Src/stm32f1xx_hal_cortex.o
 .debug_frame   0x00000bc4      0x14c ./Drivers/STM32F1xx_HAL_Driver/Src/stm32f1xx_hal_gpio.o
 .debug_frame   0x00000d10      0x594 ./Drivers/STM32F1xx_HAL_Driver/Src/stm32f1xx_hal_pcd.o
 .debug_frame   0x000012a4       0xb0 ./Drivers/STM32F1xx_HAL_Driver/Src/stm32f1xx_hal_pcd_ex.o
 .debug_frame   0x00001354      0x218 ./Drivers/STM32F1xx_HAL_Driver/Src/stm32f1xx_hal_rcc.o
 .debug_frame   0x0000156c       0x80 ./Drivers/STM32F1xx_HAL_Driver/Src/stm32f1xx_hal_rcc_ex.o
 .debug_frame   0x000015ec      0x470 ./Drivers/STM32F1xx_HAL_Driver/Src/stm32f1xx_ll_usb.o
 .debug_frame   0x00001a5c      0x248 ./Middlewares/ST/STM32_USB_Device_Library/Class/CDC/Src/usbd_cdc.o
 .debug_frame   0x00001ca4      0x300 ./Middlewares/ST/STM32_USB_Device_Library/Core/Src/usbd_core.o
 .debug_frame   0x00001fa4      0x218 ./Middlewares/ST/STM32_USB_Device_Library/Core/Src/usbd_ctlreq.o
 .debug_frame   0x000021bc      0x10c ./Middlewares/ST/STM32_USB_Device_Library/Core/Src/usbd_ioreq.o
 .debug_frame   0x000022c8       0x2c ./USB_DEVICE/App/usb_device.o
 .debug_frame   0x000022f4       0xbc ./USB_DEVICE/App/usbd_cdc_if.o
 .debug_frame   0x000023b0      0x160 ./USB_DEVICE/App/usbd_desc.o
 .debug_frame   0x00002510      0x4a4 ./USB_DEVICE/Target/usbd_conf.o
 .debug_frame   0x000029b4       0x20 C:/ST/STM32CubeIDE_1.17.0/STM32CubeIDE/plugins/com.st.stm32cube.ide.mcu.externaltools.gnu-tools-for-stm32.13.3.rel1.win32_1.0.0.202411081344/tools/bin/../lib/gcc/arm-none-eabi/13.3.1/../../../../arm-none-eabi/lib/thumb/v7-m/nofp\libc_nano.a(libc_a-memset.o)
 .debug_frame   0x000029d4       0x2c C:/ST/STM32CubeIDE_1.17.0/STM32CubeIDE/plugins/com.st.stm32cube.ide.mcu.externaltools.gnu-tools-for-stm32.13.3.rel1.win32_1.0.0.202411081344/tools/bin/../lib/gcc/arm-none-eabi/13.3.1/../../../../arm-none-eabi/lib/thumb/v7-m/nofp\libc_nano.a(libc_a-init.o)
 .debug_frame   0x00002a00       0x28 C:/ST/STM32CubeIDE_1.17.0/STM32CubeIDE/plugins/com.st.stm32cube.ide.mcu.externaltools.gnu-tools-for-stm32.13.3.rel1.win32_1.0.0.202411081344/tools/bin/../lib/gcc/arm-none-eabi/13.3.1/../../../../arm-none-eabi/lib/thumb/v7-m/nofp\libc_nano.a(libc_a-memcpy-stub.o)

.debug_line_str
                0x00000000       0x67
 .debug_line_str
                0x00000000       0x67 ./Core/Startup/startup_stm32f103c8tx.o
